2026-06-12 11:47:03,221 [INFO] patching driver executable C:\Users\bharath kumar\appdata\roaming\undetected_chromedriver\undetected_chromedriver.exe
2026-06-12 11:47:19,340 [WARNING] Letter 'a': Message: invalid session id: session deleted as the browser has closed the connection
from disconnected: unable to send message to renderer
  (Session info: chrome=149.0.7827.103)
Stacktrace:
	undetected_chromedriver!GetHandleVerifier [0x9fa823+10083]
	undetected_chromedriver!GetHandleVerifier [0x9fa864+100c4]
	undetected_chromedriver!(No symbol) [0x7da6f0]
	undetected_chromedriver!(No symbol) [0x7c9f69]
	undetected_chromedriver!(No symbol) [0x7c9ee6]
	undetected_chromedriver!(No symbol) [0x7c8a43]
	undetected_chromedriver!(No symbol) [0x7c9466]
	undetected_chromedriver!(No symbol) [0x7df3be]
	undetected_chromedriver!(No symbol) [0x7dfba5]
	undetected_chromedriver!(No symbol) [0x7e34ba]
	undetected_chromedriver!(No symbol) [0x7e3548]
	undetected_chromedriver!(No symbol) [0x823680]
	undetected_chromedriver!(No symbol) [0x823dab]
	undetected_chromedriver!(No symbol) [0x86590c]
	undetected_chromedriver!(No symbol) [0x8460d4]
	undetected_chromedriver!(No symbol) [0x863219]
	undetected_chromedriver!(No symbol) [0x845e26]
	undetected_chromedriver!(No symbol) [0x819139]
	undetected_chromedriver!(No symbol) [0x819f04]
	undetected_chromedriver!GetHandleVerifier [0xc78fca+28e82a]
	undetected_chromedriver!GetHandleVerifier [0xc744fd+289d5d]
	undetected_chromedriver!GetHandleVerifier [0xc9505b+2aa8bb]
	undetected_chromedriver!GetHandleVerifier [0xa14416+29c76]
	undetected_chromedriver!GetHandleVerifier [0xa1b3ad+30c0d]
	undetected_chromedriver!GetHandleVerifier [0xa03108+18968]
	undetected_chromedriver!GetHandleVerifier [0xa032b5+18b15]
	undetected_chromedriver!GetHandleVerifier [0x9ec3ef+1c4f]
	KERNEL32!BaseThreadInitThunk [0x75b87ba9+19]
	ntdll!RtlInitializeExceptionChain [0x7703c0cb+6b]
	ntdll!RtlClearBits [0x7703c04f+bf]

2026-06-12 11:47:19,346 [WARNING] Letter 'b': Message: invalid session id
Stacktrace:
	undetected_chromedriver!GetHandleVerifier [0x9fa823+10083]
	undetected_chromedriver!GetHandleVerifier [0x9fa864+100c4]
	undetected_chromedriver!(No symbol) [0x7da52e]
	undetected_chromedriver!(No symbol) [0x8183c7]
	undetected_chromedriver!(No symbol) [0x845f46]
	undetected_chromedriver!(No symbol) [0x841152]
	undetected_chromedriver!(No symbol) [0x840b31]
	undetected_chromedriver!(No symbol) [0x7adb2e]
	undetected_chromedriver!(No symbol) [0x7ae0ce]
	undetected_chromedriver!(No symbol) [0x7ae5ad]
	undetected_chromedriver!GetHandleVerifier [0xc78fca+28e82a]
	undetected_chromedriver!GetHandleVerifier [0xc744fd+289d5d]
	undetected_chromedriver!GetHandleVerifier [0xc9505b+2aa8bb]
	undetected_chromedriver!GetHandleVerifier [0xa14416+29c76]
	undetected_chromedriver!GetHandleVerifier [0xa1b3ad+30c0d]
	undetected_chromedriver!(No symbol) [0x7ad6a6]
	undetected_chromedriver!(No symbol) [0x7acd02]
	undetected_chromedriver!GetHandleVerifier [0xdcb80f+3e106f]
	KERNEL32!BaseThreadInitThunk [0x75b87ba9+19]
	ntdll!RtlInitializeExceptionChain [0x7703c0cb+6b]
	ntdll!RtlClearBits [0x7703c04f+bf]

2026-06-12 11:47:19,346 [WARNING] Letter 'c': Message: invalid session id
Stacktrace:
	undetected_chromedriver!GetHandleVerifier [0x9fa823+10083]
	undetected_chromedriver!GetHandleVerifier [0x9fa864+100c4]
	undetected_chromedriver!(No symbol) [0x7da52e]
	undetected_chromedriver!(No symbol) [0x8183c7]
	undetected_chromedriver!(No symbol) [0x845f46]
	undetected_chromedriver!(No symbol) [0x841152]
	undetected_chromedriver!(No symbol) [0x840b31]
	undetected_chromedriver!(No symbol) [0x7adb2e]
	undetected_chromedriver!(No symbol) [0x7ae0ce]
	undetected_chromedriver!(No symbol) [0x7ae5ad]
	undetected_chromedriver!GetHandleVerifier [0xc78fca+28e82a]
	undetected_chromedriver!GetHandleVerifier [0xc744fd+289d5d]
	undetected_chromedriver!GetHandleVerifier [0xc9505b+2aa8bb]
	undetected_chromedriver!GetHandleVerifier [0xa14416+29c76]
	undetected_chromedriver!GetHandleVerifier [0xa1b3ad+30c0d]
	undetected_chromedriver!(No symbol) [0x7ad6a6]
	undetected_chromedriver!(No symbol) [0x7acd02]
	undetected_chromedriver!GetHandleVerifier [0xdcb80f+3e106f]
	KERNEL32!BaseThreadInitThunk [0x75b87ba9+19]
	ntdll!RtlInitializeExceptionChain [0x7703c0cb+6b]
	ntdll!RtlClearBits [0x7703c04f+bf]

2026-06-12 11:47:19,346 [WARNING] Letter 'd': Message: invalid session id
Stacktrace:
	undetected_chromedriver!GetHandleVerifier [0x9fa823+10083]
	undetected_chromedriver!GetHandleVerifier [0x9fa864+100c4]
	undetected_chromedriver!(No symbol) [0x7da52e]
	undetected_chromedriver!(No symbol) [0x8183c7]
	undetected_chromedriver!(No symbol) [0x845f46]
	undetected_chromedriver!(No symbol) [0x841152]
	undetected_chromedriver!(No symbol) [0x840b31]
	undetected_chromedriver!(No symbol) [0x7adb2e]
	undetected_chromedriver!(No symbol) [0x7ae0ce]
	undetected_chromedriver!(No symbol) [0x7ae5ad]
	undetected_chromedriver!GetHandleVerifier [0xc78fca+28e82a]
	undetected_chromedriver!GetHandleVerifier [0xc744fd+289d5d]
	undetected_chromedriver!GetHandleVerifier [0xc9505b+2aa8bb]
	undetected_chromedriver!GetHandleVerifier [0xa14416+29c76]
	undetected_chromedriver!GetHandleVerifier [0xa1b3ad+30c0d]
	undetected_chromedriver!(No symbol) [0x7ad6a6]
	undetected_chromedriver!(No symbol) [0x7acd02]
	undetected_chromedriver!GetHandleVerifier [0xdcb80f+3e106f]
	KERNEL32!BaseThreadInitThunk [0x75b87ba9+19]
	ntdll!RtlInitializeExceptionChain [0x7703c0cb+6b]
	ntdll!RtlClearBits [0x7703c04f+bf]

2026-06-12 11:47:19,355 [WARNING] Letter 'e': Message: invalid session id
Stacktrace:
	undetected_chromedriver!GetHandleVerifier [0x9fa823+10083]
	undetected_chromedriver!GetHandleVerifier [0x9fa864+100c4]
	undetected_chromedriver!(No symbol) [0x7da52e]
	undetected_chromedriver!(No symbol) [0x8183c7]
	undetected_chromedriver!(No symbol) [0x845f46]
	undetected_chromedriver!(No symbol) [0x841152]
	undetected_chromedriver!(No symbol) [0x840b31]
	undetected_chromedriver!(No symbol) [0x7adb2e]
	undetected_chromedriver!(No symbol) [0x7ae0ce]
	undetected_chromedriver!(No symbol) [0x7ae5ad]
	undetected_chromedriver!GetHandleVerifier [0xc78fca+28e82a]
	undetected_chromedriver!GetHandleVerifier [0xc744fd+289d5d]
	undetected_chromedriver!GetHandleVerifier [0xc9505b+2aa8bb]
	undetected_chromedriver!GetHandleVerifier [0xa14416+29c76]
	undetected_chromedriver!GetHandleVerifier [0xa1b3ad+30c0d]
	undetected_chromedriver!(No symbol) [0x7ad6a6]
	undetected_chromedriver!(No symbol) [0x7acd02]
	undetected_chromedriver!GetHandleVerifier [0xdcb80f+3e106f]
	KERNEL32!BaseThreadInitThunk [0x75b87ba9+19]
	ntdll!RtlInitializeExceptionChain [0x7703c0cb+6b]
	ntdll!RtlClearBits [0x7703c04f+bf]

2026-06-12 11:47:19,355 [WARNING] Letter 'f': Message: invalid session id
Stacktrace:
	undetected_chromedriver!GetHandleVerifier [0x9fa823+10083]
	undetected_chromedriver!GetHandleVerifier [0x9fa864+100c4]
	undetected_chromedriver!(No symbol) [0x7da52e]
	undetected_chromedriver!(No symbol) [0x8183c7]
	undetected_chromedriver!(No symbol) [0x845f46]
	undetected_chromedriver!(No symbol) [0x841152]
	undetected_chromedriver!(No symbol) [0x840b31]
	undetected_chromedriver!(No symbol) [0x7adb2e]
	undetected_chromedriver!(No symbol) [0x7ae0ce]
	undetected_chromedriver!(No symbol) [0x7ae5ad]
	undetected_chromedriver!GetHandleVerifier [0xc78fca+28e82a]
	undetected_chromedriver!GetHandleVerifier [0xc744fd+289d5d]
	undetected_chromedriver!GetHandleVerifier [0xc9505b+2aa8bb]
	undetected_chromedriver!GetHandleVerifier [0xa14416+29c76]
	undetected_chromedriver!GetHandleVerifier [0xa1b3ad+30c0d]
	undetected_chromedriver!(No symbol) [0x7ad6a6]
	undetected_chromedriver!(No symbol) [0x7acd02]
	undetected_chromedriver!GetHandleVerifier [0xdcb80f+3e106f]
	KERNEL32!BaseThreadInitThunk [0x75b87ba9+19]
	ntdll!RtlInitializeExceptionChain [0x7703c0cb+6b]
	ntdll!RtlClearBits [0x7703c04f+bf]

2026-06-12 11:47:19,362 [WARNING] Letter 'g': Message: invalid session id
Stacktrace:
	undetected_chromedriver!GetHandleVerifier [0x9fa823+10083]
	undetected_chromedriver!GetHandleVerifier [0x9fa864+100c4]
	undetected_chromedriver!(No symbol) [0x7da52e]
	undetected_chromedriver!(No symbol) [0x8183c7]
	undetected_chromedriver!(No symbol) [0x845f46]
	undetected_chromedriver!(No symbol) [0x841152]
	undetected_chromedriver!(No symbol) [0x840b31]
	undetected_chromedriver!(No symbol) [0x7adb2e]
	undetected_chromedriver!(No symbol) [0x7ae0ce]
	undetected_chromedriver!(No symbol) [0x7ae5ad]
	undetected_chromedriver!GetHandleVerifier [0xc78fca+28e82a]
	undetected_chromedriver!GetHandleVerifier [0xc744fd+289d5d]
	undetected_chromedriver!GetHandleVerifier [0xc9505b+2aa8bb]
	undetected_chromedriver!GetHandleVerifier [0xa14416+29c76]
	undetected_chromedriver!GetHandleVerifier [0xa1b3ad+30c0d]
	undetected_chromedriver!(No symbol) [0x7ad6a6]
	undetected_chromedriver!(No symbol) [0x7acd02]
	undetected_chromedriver!GetHandleVerifier [0xdcb80f+3e106f]
	KERNEL32!BaseThreadInitThunk [0x75b87ba9+19]
	ntdll!RtlInitializeExceptionChain [0x7703c0cb+6b]
	ntdll!RtlClearBits [0x7703c04f+bf]

2026-06-12 11:47:19,368 [WARNING] Letter 'h': Message: invalid session id
Stacktrace:
	undetected_chromedriver!GetHandleVerifier [0x9fa823+10083]
	undetected_chromedriver!GetHandleVerifier [0x9fa864+100c4]
	undetected_chromedriver!(No symbol) [0x7da52e]
	undetected_chromedriver!(No symbol) [0x8183c7]
	undetected_chromedriver!(No symbol) [0x845f46]
	undetected_chromedriver!(No symbol) [0x841152]
	undetected_chromedriver!(No symbol) [0x840b31]
	undetected_chromedriver!(No symbol) [0x7adb2e]
	undetected_chromedriver!(No symbol) [0x7ae0ce]
	undetected_chromedriver!(No symbol) [0x7ae5ad]
	undetected_chromedriver!GetHandleVerifier [0xc78fca+28e82a]
	undetected_chromedriver!GetHandleVerifier [0xc744fd+289d5d]
	undetected_chromedriver!GetHandleVerifier [0xc9505b+2aa8bb]
	undetected_chromedriver!GetHandleVerifier [0xa14416+29c76]
	undetected_chromedriver!GetHandleVerifier [0xa1b3ad+30c0d]
	undetected_chromedriver!(No symbol) [0x7ad6a6]
	undetected_chromedriver!(No symbol) [0x7acd02]
	undetected_chromedriver!GetHandleVerifier [0xdcb80f+3e106f]
	KERNEL32!BaseThreadInitThunk [0x75b87ba9+19]
	ntdll!RtlInitializeExceptionChain [0x7703c0cb+6b]
	ntdll!RtlClearBits [0x7703c04f+bf]

2026-06-12 11:47:19,371 [WARNING] Letter 'i': Message: invalid session id
Stacktrace:
	undetected_chromedriver!GetHandleVerifier [0x9fa823+10083]
	undetected_chromedriver!GetHandleVerifier [0x9fa864+100c4]
	undetected_chromedriver!(No symbol) [0x7da52e]
	undetected_chromedriver!(No symbol) [0x8183c7]
	undetected_chromedriver!(No symbol) [0x845f46]
	undetected_chromedriver!(No symbol) [0x841152]
	undetected_chromedriver!(No symbol) [0x840b31]
	undetected_chromedriver!(No symbol) [0x7adb2e]
	undetected_chromedriver!(No symbol) [0x7ae0ce]
	undetected_chromedriver!(No symbol) [0x7ae5ad]
	undetected_chromedriver!GetHandleVerifier [0xc78fca+28e82a]
	undetected_chromedriver!GetHandleVerifier [0xc744fd+289d5d]
	undetected_chromedriver!GetHandleVerifier [0xc9505b+2aa8bb]
	undetected_chromedriver!GetHandleVerifier [0xa14416+29c76]
	undetected_chromedriver!GetHandleVerifier [0xa1b3ad+30c0d]
	undetected_chromedriver!(No symbol) [0x7ad6a6]
	undetected_chromedriver!(No symbol) [0x7acd02]
	undetected_chromedriver!GetHandleVerifier [0xdcb80f+3e106f]
	KERNEL32!BaseThreadInitThunk [0x75b87ba9+19]
	ntdll!RtlInitializeExceptionChain [0x7703c0cb+6b]
	ntdll!RtlClearBits [0x7703c04f+bf]

2026-06-12 11:47:19,374 [WARNING] Letter 'j': Message: invalid session id
Stacktrace:
	undetected_chromedriver!GetHandleVerifier [0x9fa823+10083]
	undetected_chromedriver!GetHandleVerifier [0x9fa864+100c4]
	undetected_chromedriver!(No symbol) [0x7da52e]
	undetected_chromedriver!(No symbol) [0x8183c7]
	undetected_chromedriver!(No symbol) [0x845f46]
	undetected_chromedriver!(No symbol) [0x841152]
	undetected_chromedriver!(No symbol) [0x840b31]
	undetected_chromedriver!(No symbol) [0x7adb2e]
	undetected_chromedriver!(No symbol) [0x7ae0ce]
	undetected_chromedriver!(No symbol) [0x7ae5ad]
	undetected_chromedriver!GetHandleVerifier [0xc78fca+28e82a]
	undetected_chromedriver!GetHandleVerifier [0xc744fd+289d5d]
	undetected_chromedriver!GetHandleVerifier [0xc9505b+2aa8bb]
	undetected_chromedriver!GetHandleVerifier [0xa14416+29c76]
	undetected_chromedriver!GetHandleVerifier [0xa1b3ad+30c0d]
	undetected_chromedriver!(No symbol) [0x7ad6a6]
	undetected_chromedriver!(No symbol) [0x7acd02]
	undetected_chromedriver!GetHandleVerifier [0xdcb80f+3e106f]
	KERNEL32!BaseThreadInitThunk [0x75b87ba9+19]
	ntdll!RtlInitializeExceptionChain [0x7703c0cb+6b]
	ntdll!RtlClearBits [0x7703c04f+bf]

2026-06-12 11:47:19,374 [WARNING] Letter 'k': Message: invalid session id
Stacktrace:
	undetected_chromedriver!GetHandleVerifier [0x9fa823+10083]
	undetected_chromedriver!GetHandleVerifier [0x9fa864+100c4]
	undetected_chromedriver!(No symbol) [0x7da52e]
	undetected_chromedriver!(No symbol) [0x8183c7]
	undetected_chromedriver!(No symbol) [0x845f46]
	undetected_chromedriver!(No symbol) [0x841152]
	undetected_chromedriver!(No symbol) [0x840b31]
	undetected_chromedriver!(No symbol) [0x7adb2e]
	undetected_chromedriver!(No symbol) [0x7ae0ce]
	undetected_chromedriver!(No symbol) [0x7ae5ad]
	undetected_chromedriver!GetHandleVerifier [0xc78fca+28e82a]
	undetected_chromedriver!GetHandleVerifier [0xc744fd+289d5d]
	undetected_chromedriver!GetHandleVerifier [0xc9505b+2aa8bb]
	undetected_chromedriver!GetHandleVerifier [0xa14416+29c76]
	undetected_chromedriver!GetHandleVerifier [0xa1b3ad+30c0d]
	undetected_chromedriver!(No symbol) [0x7ad6a6]
	undetected_chromedriver!(No symbol) [0x7acd02]
	undetected_chromedriver!GetHandleVerifier [0xdcb80f+3e106f]
	KERNEL32!BaseThreadInitThunk [0x75b87ba9+19]
	ntdll!RtlInitializeExceptionChain [0x7703c0cb+6b]
	ntdll!RtlClearBits [0x7703c04f+bf]

2026-06-12 11:47:19,388 [WARNING] Letter 'l': Message: invalid session id
Stacktrace:
	undetected_chromedriver!GetHandleVerifier [0x9fa823+10083]
	undetected_chromedriver!GetHandleVerifier [0x9fa864+100c4]
	undetected_chromedriver!(No symbol) [0x7da52e]
	undetected_chromedriver!(No symbol) [0x8183c7]
	undetected_chromedriver!(No symbol) [0x845f46]
	undetected_chromedriver!(No symbol) [0x841152]
	undetected_chromedriver!(No symbol) [0x840b31]
	undetected_chromedriver!(No symbol) [0x7adb2e]
	undetected_chromedriver!(No symbol) [0x7ae0ce]
	undetected_chromedriver!(No symbol) [0x7ae5ad]
	undetected_chromedriver!GetHandleVerifier [0xc78fca+28e82a]
	undetected_chromedriver!GetHandleVerifier [0xc744fd+289d5d]
	undetected_chromedriver!GetHandleVerifier [0xc9505b+2aa8bb]
	undetected_chromedriver!GetHandleVerifier [0xa14416+29c76]
	undetected_chromedriver!GetHandleVerifier [0xa1b3ad+30c0d]
	undetected_chromedriver!(No symbol) [0x7ad6a6]
	undetected_chromedriver!(No symbol) [0x7acd02]
	undetected_chromedriver!GetHandleVerifier [0xdcb80f+3e106f]
	KERNEL32!BaseThreadInitThunk [0x75b87ba9+19]
	ntdll!RtlInitializeExceptionChain [0x7703c0cb+6b]
	ntdll!RtlClearBits [0x7703c04f+bf]

2026-06-12 11:47:19,395 [WARNING] Letter 'm': Message: invalid session id
Stacktrace:
	undetected_chromedriver!GetHandleVerifier [0x9fa823+10083]
	undetected_chromedriver!GetHandleVerifier [0x9fa864+100c4]
	undetected_chromedriver!(No symbol) [0x7da52e]
	undetected_chromedriver!(No symbol) [0x8183c7]
	undetected_chromedriver!(No symbol) [0x845f46]
	undetected_chromedriver!(No symbol) [0x841152]
	undetected_chromedriver!(No symbol) [0x840b31]
	undetected_chromedriver!(No symbol) [0x7adb2e]
	undetected_chromedriver!(No symbol) [0x7ae0ce]
	undetected_chromedriver!(No symbol) [0x7ae5ad]
	undetected_chromedriver!GetHandleVerifier [0xc78fca+28e82a]
	undetected_chromedriver!GetHandleVerifier [0xc744fd+289d5d]
	undetected_chromedriver!GetHandleVerifier [0xc9505b+2aa8bb]
	undetected_chromedriver!GetHandleVerifier [0xa14416+29c76]
	undetected_chromedriver!GetHandleVerifier [0xa1b3ad+30c0d]
	undetected_chromedriver!(No symbol) [0x7ad6a6]
	undetected_chromedriver!(No symbol) [0x7acd02]
	undetected_chromedriver!GetHandleVerifier [0xdcb80f+3e106f]
	KERNEL32!BaseThreadInitThunk [0x75b87ba9+19]
	ntdll!RtlInitializeExceptionChain [0x7703c0cb+6b]
	ntdll!RtlClearBits [0x7703c04f+bf]

2026-06-12 11:47:19,395 [WARNING] Letter 'n': Message: invalid session id
Stacktrace:
	undetected_chromedriver!GetHandleVerifier [0x9fa823+10083]
	undetected_chromedriver!GetHandleVerifier [0x9fa864+100c4]
	undetected_chromedriver!(No symbol) [0x7da52e]
	undetected_chromedriver!(No symbol) [0x8183c7]
	undetected_chromedriver!(No symbol) [0x845f46]
	undetected_chromedriver!(No symbol) [0x841152]
	undetected_chromedriver!(No symbol) [0x840b31]
	undetected_chromedriver!(No symbol) [0x7adb2e]
	undetected_chromedriver!(No symbol) [0x7ae0ce]
	undetected_chromedriver!(No symbol) [0x7ae5ad]
	undetected_chromedriver!GetHandleVerifier [0xc78fca+28e82a]
	undetected_chromedriver!GetHandleVerifier [0xc744fd+289d5d]
	undetected_chromedriver!GetHandleVerifier [0xc9505b+2aa8bb]
	undetected_chromedriver!GetHandleVerifier [0xa14416+29c76]
	undetected_chromedriver!GetHandleVerifier [0xa1b3ad+30c0d]
	undetected_chromedriver!(No symbol) [0x7ad6a6]
	undetected_chromedriver!(No symbol) [0x7acd02]
	undetected_chromedriver!GetHandleVerifier [0xdcb80f+3e106f]
	KERNEL32!BaseThreadInitThunk [0x75b87ba9+19]
	ntdll!RtlInitializeExceptionChain [0x7703c0cb+6b]
	ntdll!RtlClearBits [0x7703c04f+bf]

2026-06-12 11:47:19,405 [WARNING] Letter 'o': Message: invalid session id
Stacktrace:
	undetected_chromedriver!GetHandleVerifier [0x9fa823+10083]
	undetected_chromedriver!GetHandleVerifier [0x9fa864+100c4]
	undetected_chromedriver!(No symbol) [0x7da52e]
	undetected_chromedriver!(No symbol) [0x8183c7]
	undetected_chromedriver!(No symbol) [0x845f46]
	undetected_chromedriver!(No symbol) [0x841152]
	undetected_chromedriver!(No symbol) [0x840b31]
	undetected_chromedriver!(No symbol) [0x7adb2e]
	undetected_chromedriver!(No symbol) [0x7ae0ce]
	undetected_chromedriver!(No symbol) [0x7ae5ad]
	undetected_chromedriver!GetHandleVerifier [0xc78fca+28e82a]
	undetected_chromedriver!GetHandleVerifier [0xc744fd+289d5d]
	undetected_chromedriver!GetHandleVerifier [0xc9505b+2aa8bb]
	undetected_chromedriver!GetHandleVerifier [0xa14416+29c76]
	undetected_chromedriver!GetHandleVerifier [0xa1b3ad+30c0d]
	undetected_chromedriver!(No symbol) [0x7ad6a6]
	undetected_chromedriver!(No symbol) [0x7acd02]
	undetected_chromedriver!GetHandleVerifier [0xdcb80f+3e106f]
	KERNEL32!BaseThreadInitThunk [0x75b87ba9+19]
	ntdll!RtlInitializeExceptionChain [0x7703c0cb+6b]
	ntdll!RtlClearBits [0x7703c04f+bf]

2026-06-12 11:47:19,408 [WARNING] Letter 'p': Message: invalid session id
Stacktrace:
	undetected_chromedriver!GetHandleVerifier [0x9fa823+10083]
	undetected_chromedriver!GetHandleVerifier [0x9fa864+100c4]
	undetected_chromedriver!(No symbol) [0x7da52e]
	undetected_chromedriver!(No symbol) [0x8183c7]
	undetected_chromedriver!(No symbol) [0x845f46]
	undetected_chromedriver!(No symbol) [0x841152]
	undetected_chromedriver!(No symbol) [0x840b31]
	undetected_chromedriver!(No symbol) [0x7adb2e]
	undetected_chromedriver!(No symbol) [0x7ae0ce]
	undetected_chromedriver!(No symbol) [0x7ae5ad]
	undetected_chromedriver!GetHandleVerifier [0xc78fca+28e82a]
	undetected_chromedriver!GetHandleVerifier [0xc744fd+289d5d]
	undetected_chromedriver!GetHandleVerifier [0xc9505b+2aa8bb]
	undetected_chromedriver!GetHandleVerifier [0xa14416+29c76]
	undetected_chromedriver!GetHandleVerifier [0xa1b3ad+30c0d]
	undetected_chromedriver!(No symbol) [0x7ad6a6]
	undetected_chromedriver!(No symbol) [0x7acd02]
	undetected_chromedriver!GetHandleVerifier [0xdcb80f+3e106f]
	KERNEL32!BaseThreadInitThunk [0x75b87ba9+19]
	ntdll!RtlInitializeExceptionChain [0x7703c0cb+6b]
	ntdll!RtlClearBits [0x7703c04f+bf]

2026-06-12 11:47:19,416 [WARNING] Letter 'q': Message: invalid session id
Stacktrace:
	undetected_chromedriver!GetHandleVerifier [0x9fa823+10083]
	undetected_chromedriver!GetHandleVerifier [0x9fa864+100c4]
	undetected_chromedriver!(No symbol) [0x7da52e]
	undetected_chromedriver!(No symbol) [0x8183c7]
	undetected_chromedriver!(No symbol) [0x845f46]
	undetected_chromedriver!(No symbol) [0x841152]
	undetected_chromedriver!(No symbol) [0x840b31]
	undetected_chromedriver!(No symbol) [0x7adb2e]
	undetected_chromedriver!(No symbol) [0x7ae0ce]
	undetected_chromedriver!(No symbol) [0x7ae5ad]
	undetected_chromedriver!GetHandleVerifier [0xc78fca+28e82a]
	undetected_chromedriver!GetHandleVerifier [0xc744fd+289d5d]
	undetected_chromedriver!GetHandleVerifier [0xc9505b+2aa8bb]
	undetected_chromedriver!GetHandleVerifier [0xa14416+29c76]
	undetected_chromedriver!GetHandleVerifier [0xa1b3ad+30c0d]
	undetected_chromedriver!(No symbol) [0x7ad6a6]
	undetected_chromedriver!(No symbol) [0x7acd02]
	undetected_chromedriver!GetHandleVerifier [0xdcb80f+3e106f]
	KERNEL32!BaseThreadInitThunk [0x75b87ba9+19]
	ntdll!RtlInitializeExceptionChain [0x7703c0cb+6b]
	ntdll!RtlClearBits [0x7703c04f+bf]

2026-06-12 11:47:19,416 [WARNING] Letter 'r': Message: invalid session id
Stacktrace:
	undetected_chromedriver!GetHandleVerifier [0x9fa823+10083]
	undetected_chromedriver!GetHandleVerifier [0x9fa864+100c4]
	undetected_chromedriver!(No symbol) [0x7da52e]
	undetected_chromedriver!(No symbol) [0x8183c7]
	undetected_chromedriver!(No symbol) [0x845f46]
	undetected_chromedriver!(No symbol) [0x841152]
	undetected_chromedriver!(No symbol) [0x840b31]
	undetected_chromedriver!(No symbol) [0x7adb2e]
	undetected_chromedriver!(No symbol) [0x7ae0ce]
	undetected_chromedriver!(No symbol) [0x7ae5ad]
	undetected_chromedriver!GetHandleVerifier [0xc78fca+28e82a]
	undetected_chromedriver!GetHandleVerifier [0xc744fd+289d5d]
	undetected_chromedriver!GetHandleVerifier [0xc9505b+2aa8bb]
	undetected_chromedriver!GetHandleVerifier [0xa14416+29c76]
	undetected_chromedriver!GetHandleVerifier [0xa1b3ad+30c0d]
	undetected_chromedriver!(No symbol) [0x7ad6a6]
	undetected_chromedriver!(No symbol) [0x7acd02]
	undetected_chromedriver!GetHandleVerifier [0xdcb80f+3e106f]
	KERNEL32!BaseThreadInitThunk [0x75b87ba9+19]
	ntdll!RtlInitializeExceptionChain [0x7703c0cb+6b]
	ntdll!RtlClearBits [0x7703c04f+bf]

2026-06-12 11:47:19,422 [WARNING] Letter 's': Message: invalid session id
Stacktrace:
	undetected_chromedriver!GetHandleVerifier [0x9fa823+10083]
	undetected_chromedriver!GetHandleVerifier [0x9fa864+100c4]
	undetected_chromedriver!(No symbol) [0x7da52e]
	undetected_chromedriver!(No symbol) [0x8183c7]
	undetected_chromedriver!(No symbol) [0x845f46]
	undetected_chromedriver!(No symbol) [0x841152]
	undetected_chromedriver!(No symbol) [0x840b31]
	undetected_chromedriver!(No symbol) [0x7adb2e]
	undetected_chromedriver!(No symbol) [0x7ae0ce]
	undetected_chromedriver!(No symbol) [0x7ae5ad]
	undetected_chromedriver!GetHandleVerifier [0xc78fca+28e82a]
	undetected_chromedriver!GetHandleVerifier [0xc744fd+289d5d]
	undetected_chromedriver!GetHandleVerifier [0xc9505b+2aa8bb]
	undetected_chromedriver!GetHandleVerifier [0xa14416+29c76]
	undetected_chromedriver!GetHandleVerifier [0xa1b3ad+30c0d]
	undetected_chromedriver!(No symbol) [0x7ad6a6]
	undetected_chromedriver!(No symbol) [0x7acd02]
	undetected_chromedriver!GetHandleVerifier [0xdcb80f+3e106f]
	KERNEL32!BaseThreadInitThunk [0x75b87ba9+19]
	ntdll!RtlInitializeExceptionChain [0x7703c0cb+6b]
	ntdll!RtlClearBits [0x7703c04f+bf]

2026-06-12 11:47:19,422 [WARNING] Letter 't': Message: invalid session id
Stacktrace:
	undetected_chromedriver!GetHandleVerifier [0x9fa823+10083]
	undetected_chromedriver!GetHandleVerifier [0x9fa864+100c4]
	undetected_chromedriver!(No symbol) [0x7da52e]
	undetected_chromedriver!(No symbol) [0x8183c7]
	undetected_chromedriver!(No symbol) [0x845f46]
	undetected_chromedriver!(No symbol) [0x841152]
	undetected_chromedriver!(No symbol) [0x840b31]
	undetected_chromedriver!(No symbol) [0x7adb2e]
	undetected_chromedriver!(No symbol) [0x7ae0ce]
	undetected_chromedriver!(No symbol) [0x7ae5ad]
	undetected_chromedriver!GetHandleVerifier [0xc78fca+28e82a]
	undetected_chromedriver!GetHandleVerifier [0xc744fd+289d5d]
	undetected_chromedriver!GetHandleVerifier [0xc9505b+2aa8bb]
	undetected_chromedriver!GetHandleVerifier [0xa14416+29c76]
	undetected_chromedriver!GetHandleVerifier [0xa1b3ad+30c0d]
	undetected_chromedriver!(No symbol) [0x7ad6a6]
	undetected_chromedriver!(No symbol) [0x7acd02]
	undetected_chromedriver!GetHandleVerifier [0xdcb80f+3e106f]
	KERNEL32!BaseThreadInitThunk [0x75b87ba9+19]
	ntdll!RtlInitializeExceptionChain [0x7703c0cb+6b]
	ntdll!RtlClearBits [0x7703c04f+bf]

2026-06-12 11:47:19,431 [WARNING] Letter 'u': Message: invalid session id
Stacktrace:
	undetected_chromedriver!GetHandleVerifier [0x9fa823+10083]
	undetected_chromedriver!GetHandleVerifier [0x9fa864+100c4]
	undetected_chromedriver!(No symbol) [0x7da52e]
	undetected_chromedriver!(No symbol) [0x8183c7]
	undetected_chromedriver!(No symbol) [0x845f46]
	undetected_chromedriver!(No symbol) [0x841152]
	undetected_chromedriver!(No symbol) [0x840b31]
	undetected_chromedriver!(No symbol) [0x7adb2e]
	undetected_chromedriver!(No symbol) [0x7ae0ce]
	undetected_chromedriver!(No symbol) [0x7ae5ad]
	undetected_chromedriver!GetHandleVerifier [0xc78fca+28e82a]
	undetected_chromedriver!GetHandleVerifier [0xc744fd+289d5d]
	undetected_chromedriver!GetHandleVerifier [0xc9505b+2aa8bb]
	undetected_chromedriver!GetHandleVerifier [0xa14416+29c76]
	undetected_chromedriver!GetHandleVerifier [0xa1b3ad+30c0d]
	undetected_chromedriver!(No symbol) [0x7ad6a6]
	undetected_chromedriver!(No symbol) [0x7acd02]
	undetected_chromedriver!GetHandleVerifier [0xdcb80f+3e106f]
	KERNEL32!BaseThreadInitThunk [0x75b87ba9+19]
	ntdll!RtlInitializeExceptionChain [0x7703c0cb+6b]
	ntdll!RtlClearBits [0x7703c04f+bf]

2026-06-12 11:47:19,433 [WARNING] Letter 'v': Message: invalid session id
Stacktrace:
	undetected_chromedriver!GetHandleVerifier [0x9fa823+10083]
	undetected_chromedriver!GetHandleVerifier [0x9fa864+100c4]
	undetected_chromedriver!(No symbol) [0x7da52e]
	undetected_chromedriver!(No symbol) [0x8183c7]
	undetected_chromedriver!(No symbol) [0x845f46]
	undetected_chromedriver!(No symbol) [0x841152]
	undetected_chromedriver!(No symbol) [0x840b31]
	undetected_chromedriver!(No symbol) [0x7adb2e]
	undetected_chromedriver!(No symbol) [0x7ae0ce]
	undetected_chromedriver!(No symbol) [0x7ae5ad]
	undetected_chromedriver!GetHandleVerifier [0xc78fca+28e82a]
	undetected_chromedriver!GetHandleVerifier [0xc744fd+289d5d]
	undetected_chromedriver!GetHandleVerifier [0xc9505b+2aa8bb]
	undetected_chromedriver!GetHandleVerifier [0xa14416+29c76]
	undetected_chromedriver!GetHandleVerifier [0xa1b3ad+30c0d]
	undetected_chromedriver!(No symbol) [0x7ad6a6]
	undetected_chromedriver!(No symbol) [0x7acd02]
	undetected_chromedriver!GetHandleVerifier [0xdcb80f+3e106f]
	KERNEL32!BaseThreadInitThunk [0x75b87ba9+19]
	ntdll!RtlInitializeExceptionChain [0x7703c0cb+6b]
	ntdll!RtlClearBits [0x7703c04f+bf]

2026-06-12 11:47:19,442 [WARNING] Letter 'w': Message: invalid session id
Stacktrace:
	undetected_chromedriver!GetHandleVerifier [0x9fa823+10083]
	undetected_chromedriver!GetHandleVerifier [0x9fa864+100c4]
	undetected_chromedriver!(No symbol) [0x7da52e]
	undetected_chromedriver!(No symbol) [0x8183c7]
	undetected_chromedriver!(No symbol) [0x845f46]
	undetected_chromedriver!(No symbol) [0x841152]
	undetected_chromedriver!(No symbol) [0x840b31]
	undetected_chromedriver!(No symbol) [0x7adb2e]
	undetected_chromedriver!(No symbol) [0x7ae0ce]
	undetected_chromedriver!(No symbol) [0x7ae5ad]
	undetected_chromedriver!GetHandleVerifier [0xc78fca+28e82a]
	undetected_chromedriver!GetHandleVerifier [0xc744fd+289d5d]
	undetected_chromedriver!GetHandleVerifier [0xc9505b+2aa8bb]
	undetected_chromedriver!GetHandleVerifier [0xa14416+29c76]
	undetected_chromedriver!GetHandleVerifier [0xa1b3ad+30c0d]
	undetected_chromedriver!(No symbol) [0x7ad6a6]
	undetected_chromedriver!(No symbol) [0x7acd02]
	undetected_chromedriver!GetHandleVerifier [0xdcb80f+3e106f]
	KERNEL32!BaseThreadInitThunk [0x75b87ba9+19]
	ntdll!RtlInitializeExceptionChain [0x7703c0cb+6b]
	ntdll!RtlClearBits [0x7703c04f+bf]

2026-06-12 11:47:19,447 [WARNING] Letter 'x': Message: invalid session id
Stacktrace:
	undetected_chromedriver!GetHandleVerifier [0x9fa823+10083]
	undetected_chromedriver!GetHandleVerifier [0x9fa864+100c4]
	undetected_chromedriver!(No symbol) [0x7da52e]
	undetected_chromedriver!(No symbol) [0x8183c7]
	undetected_chromedriver!(No symbol) [0x845f46]
	undetected_chromedriver!(No symbol) [0x841152]
	undetected_chromedriver!(No symbol) [0x840b31]
	undetected_chromedriver!(No symbol) [0x7adb2e]
	undetected_chromedriver!(No symbol) [0x7ae0ce]
	undetected_chromedriver!(No symbol) [0x7ae5ad]
	undetected_chromedriver!GetHandleVerifier [0xc78fca+28e82a]
	undetected_chromedriver!GetHandleVerifier [0xc744fd+289d5d]
	undetected_chromedriver!GetHandleVerifier [0xc9505b+2aa8bb]
	undetected_chromedriver!GetHandleVerifier [0xa14416+29c76]
	undetected_chromedriver!GetHandleVerifier [0xa1b3ad+30c0d]
	undetected_chromedriver!(No symbol) [0x7ad6a6]
	undetected_chromedriver!(No symbol) [0x7acd02]
	undetected_chromedriver!GetHandleVerifier [0xdcb80f+3e106f]
	KERNEL32!BaseThreadInitThunk [0x75b87ba9+19]
	ntdll!RtlInitializeExceptionChain [0x7703c0cb+6b]
	ntdll!RtlClearBits [0x7703c04f+bf]

2026-06-12 11:47:19,447 [WARNING] Letter 'y': Message: invalid session id
Stacktrace:
	undetected_chromedriver!GetHandleVerifier [0x9fa823+10083]
	undetected_chromedriver!GetHandleVerifier [0x9fa864+100c4]
	undetected_chromedriver!(No symbol) [0x7da52e]
	undetected_chromedriver!(No symbol) [0x8183c7]
	undetected_chromedriver!(No symbol) [0x845f46]
	undetected_chromedriver!(No symbol) [0x841152]
	undetected_chromedriver!(No symbol) [0x840b31]
	undetected_chromedriver!(No symbol) [0x7adb2e]
	undetected_chromedriver!(No symbol) [0x7ae0ce]
	undetected_chromedriver!(No symbol) [0x7ae5ad]
	undetected_chromedriver!GetHandleVerifier [0xc78fca+28e82a]
	undetected_chromedriver!GetHandleVerifier [0xc744fd+289d5d]
	undetected_chromedriver!GetHandleVerifier [0xc9505b+2aa8bb]
	undetected_chromedriver!GetHandleVerifier [0xa14416+29c76]
	undetected_chromedriver!GetHandleVerifier [0xa1b3ad+30c0d]
	undetected_chromedriver!(No symbol) [0x7ad6a6]
	undetected_chromedriver!(No symbol) [0x7acd02]
	undetected_chromedriver!GetHandleVerifier [0xdcb80f+3e106f]
	KERNEL32!BaseThreadInitThunk [0x75b87ba9+19]
	ntdll!RtlInitializeExceptionChain [0x7703c0cb+6b]
	ntdll!RtlClearBits [0x7703c04f+bf]

2026-06-12 11:47:19,458 [WARNING] Letter 'z': Message: invalid session id
Stacktrace:
	undetected_chromedriver!GetHandleVerifier [0x9fa823+10083]
	undetected_chromedriver!GetHandleVerifier [0x9fa864+100c4]
	undetected_chromedriver!(No symbol) [0x7da52e]
	undetected_chromedriver!(No symbol) [0x8183c7]
	undetected_chromedriver!(No symbol) [0x845f46]
	undetected_chromedriver!(No symbol) [0x841152]
	undetected_chromedriver!(No symbol) [0x840b31]
	undetected_chromedriver!(No symbol) [0x7adb2e]
	undetected_chromedriver!(No symbol) [0x7ae0ce]
	undetected_chromedriver!(No symbol) [0x7ae5ad]
	undetected_chromedriver!GetHandleVerifier [0xc78fca+28e82a]
	undetected_chromedriver!GetHandleVerifier [0xc744fd+289d5d]
	undetected_chromedriver!GetHandleVerifier [0xc9505b+2aa8bb]
	undetected_chromedriver!GetHandleVerifier [0xa14416+29c76]
	undetected_chromedriver!GetHandleVerifier [0xa1b3ad+30c0d]
	undetected_chromedriver!(No symbol) [0x7ad6a6]
	undetected_chromedriver!(No symbol) [0x7acd02]
	undetected_chromedriver!GetHandleVerifier [0xdcb80f+3e106f]
	KERNEL32!BaseThreadInitThunk [0x75b87ba9+19]
	ntdll!RtlInitializeExceptionChain [0x7703c0cb+6b]
	ntdll!RtlClearBits [0x7703c04f+bf]

