2026-06-12 11:48:04,064 [INFO] patching driver executable C:\Users\bharath kumar\appdata\roaming\undetected_chromedriver\undetected_chromedriver.exe
2026-06-12 11:48:05,148 [ERROR] Keyword 'AWS':
Traceback (most recent call last):
  File "C:\Users\bharath kumar\Desktop\Web Scraper for Nakuri\naukri_scraper.py", line 311, in process_keyword
    driver = make_driver()
             ^^^^^^^^^^^^^
  File "C:\Users\bharath kumar\Desktop\Web Scraper for Nakuri\naukri_scraper.py", line 143, in make_driver
    driver = uc.Chrome(options=opts)
             ^^^^^^^^^^^^^^^^^^^^^^^
  File "C:\Users\bharath kumar\AppData\Local\Programs\Python\Python311\Lib\site-packages\undetected_chromedriver\__init__.py", line 258, in __init__
    self.patcher.auto()
  File "C:\Users\bharath kumar\AppData\Local\Programs\Python\Python311\Lib\site-packages\undetected_chromedriver\patcher.py", line 178, in auto
    self.unzip_package(self.fetch_package())
  File "C:\Users\bharath kumar\AppData\Local\Programs\Python\Python311\Lib\site-packages\undetected_chromedriver\patcher.py", line 310, in unzip_package
    os.rename(os.path.join(self.zip_path, exe_path), self.executable_path)
FileExistsError: [WinError 183] Cannot create a file when that file already exists: 'C:\\Users\\bharath kumar\\appdata\\roaming\\undetected_chromedriver\\undetected\\chromedriver-win32\\chromedriver.exe' -> 'C:\\Users\\bharath kumar\\appdata\\roaming\\undetected_chromedriver\\undetected_chromedriver.exe'

2026-06-12 11:48:07,824 [ERROR] Keyword 'Account Executive':
Traceback (most recent call last):
  File "C:\Users\bharath kumar\Desktop\Web Scraper for Nakuri\naukri_scraper.py", line 311, in process_keyword
    driver = make_driver()
             ^^^^^^^^^^^^^
  File "C:\Users\bharath kumar\Desktop\Web Scraper for Nakuri\naukri_scraper.py", line 143, in make_driver
    driver = uc.Chrome(options=opts)
             ^^^^^^^^^^^^^^^^^^^^^^^
  File "C:\Users\bharath kumar\AppData\Local\Programs\Python\Python311\Lib\site-packages\undetected_chromedriver\__init__.py", line 258, in __init__
    self.patcher.auto()
  File "C:\Users\bharath kumar\AppData\Local\Programs\Python\Python311\Lib\site-packages\undetected_chromedriver\patcher.py", line 178, in auto
    self.unzip_package(self.fetch_package())
  File "C:\Users\bharath kumar\AppData\Local\Programs\Python\Python311\Lib\site-packages\undetected_chromedriver\patcher.py", line 310, in unzip_package
    os.rename(os.path.join(self.zip_path, exe_path), self.executable_path)
FileExistsError: [WinError 183] Cannot create a file when that file already exists: 'C:\\Users\\bharath kumar\\appdata\\roaming\\undetected_chromedriver\\undetected\\chromedriver-win32\\chromedriver.exe' -> 'C:\\Users\\bharath kumar\\appdata\\roaming\\undetected_chromedriver\\undetected_chromedriver.exe'

2026-06-12 11:48:11,797 [INFO] patching driver executable C:\Users\bharath kumar\appdata\roaming\undetected_chromedriver\undetected_chromedriver.exe
2026-06-12 11:54:24,974 [INFO] patching driver executable C:\Users\bharath kumar\appdata\roaming\undetected_chromedriver\undetected_chromedriver.exe
2026-06-12 11:54:26,115 [ERROR] Keyword 'Administration':
Traceback (most recent call last):
  File "C:\Users\bharath kumar\Desktop\Web Scraper for Nakuri\naukri_scraper.py", line 311, in process_keyword
    driver = make_driver()
             ^^^^^^^^^^^^^
  File "C:\Users\bharath kumar\Desktop\Web Scraper for Nakuri\naukri_scraper.py", line 143, in make_driver
    driver = uc.Chrome(options=opts)
             ^^^^^^^^^^^^^^^^^^^^^^^
  File "C:\Users\bharath kumar\AppData\Local\Programs\Python\Python311\Lib\site-packages\undetected_chromedriver\__init__.py", line 258, in __init__
    self.patcher.auto()
  File "C:\Users\bharath kumar\AppData\Local\Programs\Python\Python311\Lib\site-packages\undetected_chromedriver\patcher.py", line 178, in auto
    self.unzip_package(self.fetch_package())
  File "C:\Users\bharath kumar\AppData\Local\Programs\Python\Python311\Lib\site-packages\undetected_chromedriver\patcher.py", line 310, in unzip_package
    os.rename(os.path.join(self.zip_path, exe_path), self.executable_path)
FileExistsError: [WinError 183] Cannot create a file when that file already exists: 'C:\\Users\\bharath kumar\\appdata\\roaming\\undetected_chromedriver\\undetected\\chromedriver-win32\\chromedriver.exe' -> 'C:\\Users\\bharath kumar\\appdata\\roaming\\undetected_chromedriver\\undetected_chromedriver.exe'

2026-06-12 11:54:29,300 [ERROR] Keyword 'Amazon':
Traceback (most recent call last):
  File "C:\Users\bharath kumar\Desktop\Web Scraper for Nakuri\naukri_scraper.py", line 311, in process_keyword
    driver = make_driver()
             ^^^^^^^^^^^^^
  File "C:\Users\bharath kumar\Desktop\Web Scraper for Nakuri\naukri_scraper.py", line 143, in make_driver
    driver = uc.Chrome(options=opts)
             ^^^^^^^^^^^^^^^^^^^^^^^
  File "C:\Users\bharath kumar\AppData\Local\Programs\Python\Python311\Lib\site-packages\undetected_chromedriver\__init__.py", line 258, in __init__
    self.patcher.auto()
  File "C:\Users\bharath kumar\AppData\Local\Programs\Python\Python311\Lib\site-packages\undetected_chromedriver\patcher.py", line 178, in auto
    self.unzip_package(self.fetch_package())
  File "C:\Users\bharath kumar\AppData\Local\Programs\Python\Python311\Lib\site-packages\undetected_chromedriver\patcher.py", line 310, in unzip_package
    os.rename(os.path.join(self.zip_path, exe_path), self.executable_path)
FileExistsError: [WinError 183] Cannot create a file when that file already exists: 'C:\\Users\\bharath kumar\\appdata\\roaming\\undetected_chromedriver\\undetected\\chromedriver-win32\\chromedriver.exe' -> 'C:\\Users\\bharath kumar\\appdata\\roaming\\undetected_chromedriver\\undetected_chromedriver.exe'

2026-06-12 11:54:34,982 [INFO] patching driver executable C:\Users\bharath kumar\appdata\roaming\undetected_chromedriver\undetected_chromedriver.exe
2026-06-12 11:54:57,342 [INFO] patching driver executable C:\Users\bharath kumar\appdata\roaming\undetected_chromedriver\undetected_chromedriver.exe
2026-06-12 11:55:23,628 [INFO] patching driver executable C:\Users\bharath kumar\appdata\roaming\undetected_chromedriver\undetected_chromedriver.exe
2026-06-12 12:18:43,693 [INFO] patching driver executable C:\Users\bharath kumar\appdata\roaming\undetected_chromedriver\undetected_chromedriver.exe
2026-06-12 12:18:45,121 [ERROR] Keyword 'CSS':
Traceback (most recent call last):
  File "C:\Users\bharath kumar\Desktop\Web Scraper for Nakuri\naukri_scraper.py", line 311, in process_keyword
    driver = make_driver()
             ^^^^^^^^^^^^^
  File "C:\Users\bharath kumar\Desktop\Web Scraper for Nakuri\naukri_scraper.py", line 143, in make_driver
    driver = uc.Chrome(options=opts)
             ^^^^^^^^^^^^^^^^^^^^^^^
  File "C:\Users\bharath kumar\AppData\Local\Programs\Python\Python311\Lib\site-packages\undetected_chromedriver\__init__.py", line 258, in __init__
    self.patcher.auto()
  File "C:\Users\bharath kumar\AppData\Local\Programs\Python\Python311\Lib\site-packages\undetected_chromedriver\patcher.py", line 178, in auto
    self.unzip_package(self.fetch_package())
  File "C:\Users\bharath kumar\AppData\Local\Programs\Python\Python311\Lib\site-packages\undetected_chromedriver\patcher.py", line 310, in unzip_package
    os.rename(os.path.join(self.zip_path, exe_path), self.executable_path)
FileExistsError: [WinError 183] Cannot create a file when that file already exists: 'C:\\Users\\bharath kumar\\appdata\\roaming\\undetected_chromedriver\\undetected\\chromedriver-win32\\chromedriver.exe' -> 'C:\\Users\\bharath kumar\\appdata\\roaming\\undetected_chromedriver\\undetected_chromedriver.exe'

2026-06-12 12:18:47,879 [ERROR] Keyword 'Ca':
Traceback (most recent call last):
  File "C:\Users\bharath kumar\Desktop\Web Scraper for Nakuri\naukri_scraper.py", line 311, in process_keyword
    driver = make_driver()
             ^^^^^^^^^^^^^
  File "C:\Users\bharath kumar\Desktop\Web Scraper for Nakuri\naukri_scraper.py", line 143, in make_driver
    driver = uc.Chrome(options=opts)
             ^^^^^^^^^^^^^^^^^^^^^^^
  File "C:\Users\bharath kumar\AppData\Local\Programs\Python\Python311\Lib\site-packages\undetected_chromedriver\__init__.py", line 258, in __init__
    self.patcher.auto()
  File "C:\Users\bharath kumar\AppData\Local\Programs\Python\Python311\Lib\site-packages\undetected_chromedriver\patcher.py", line 178, in auto
    self.unzip_package(self.fetch_package())
  File "C:\Users\bharath kumar\AppData\Local\Programs\Python\Python311\Lib\site-packages\undetected_chromedriver\patcher.py", line 310, in unzip_package
    os.rename(os.path.join(self.zip_path, exe_path), self.executable_path)
FileExistsError: [WinError 183] Cannot create a file when that file already exists: 'C:\\Users\\bharath kumar\\appdata\\roaming\\undetected_chromedriver\\undetected\\chromedriver-win32\\chromedriver.exe' -> 'C:\\Users\\bharath kumar\\appdata\\roaming\\undetected_chromedriver\\undetected_chromedriver.exe'

2026-06-12 12:18:51,849 [INFO] patching driver executable C:\Users\bharath kumar\appdata\roaming\undetected_chromedriver\undetected_chromedriver.exe
2026-06-12 14:26:18,544 [INFO] patching driver executable C:\Users\bharath kumar\appdata\roaming\undetected_chromedriver\undetected_chromedriver.exe
2026-06-12 14:26:21,011 [ERROR] Keyword 'JIRA':
Traceback (most recent call last):
  File "C:\Users\bharath kumar\Desktop\Web Scraper for Nakuri\naukri_scraper.py", line 311, in process_keyword
    driver = make_driver()
             ^^^^^^^^^^^^^
  File "C:\Users\bharath kumar\Desktop\Web Scraper for Nakuri\naukri_scraper.py", line 143, in make_driver
    driver = uc.Chrome(options=opts)
             ^^^^^^^^^^^^^^^^^^^^^^^
  File "C:\Users\bharath kumar\AppData\Local\Programs\Python\Python311\Lib\site-packages\undetected_chromedriver\__init__.py", line 258, in __init__
    self.patcher.auto()
  File "C:\Users\bharath kumar\AppData\Local\Programs\Python\Python311\Lib\site-packages\undetected_chromedriver\patcher.py", line 178, in auto
    self.unzip_package(self.fetch_package())
  File "C:\Users\bharath kumar\AppData\Local\Programs\Python\Python311\Lib\site-packages\undetected_chromedriver\patcher.py", line 310, in unzip_package
    os.rename(os.path.join(self.zip_path, exe_path), self.executable_path)
FileExistsError: [WinError 183] Cannot create a file when that file already exists: 'C:\\Users\\bharath kumar\\appdata\\roaming\\undetected_chromedriver\\undetected\\chromedriver-win32\\chromedriver.exe' -> 'C:\\Users\\bharath kumar\\appdata\\roaming\\undetected_chromedriver\\undetected_chromedriver.exe'

2026-06-12 15:01:15,619 [WARNING] Retrying (Retry(total=2, connect=None, read=None, redirect=None, status=None)) after connection broken by 'ConnectionResetError(10054, 'An existing connection was forcibly closed by the remote host', None, 10054, None)': /session/7ba19933019995f74d875dcb1cee2ac9/source
2026-06-12 15:01:19,728 [WARNING] Retrying (Retry(total=1, connect=None, read=None, redirect=None, status=None)) after connection broken by 'NewConnectionError('<urllib3.connection.HTTPConnection object at 0x00000203E3C32650>: Failed to establish a new connection: [WinError 10061] No connection could be made because the target machine actively refused it')': /session/7ba19933019995f74d875dcb1cee2ac9/source
2026-06-12 15:01:20,243 [WARNING] Retrying (Retry(total=2, connect=None, read=None, redirect=None, status=None)) after connection broken by 'NewConnectionError('<urllib3.connection.HTTPConnection object at 0x00000203E3815E50>: Failed to establish a new connection: [WinError 10061] No connection could be made because the target machine actively refused it')': /session/efa2a07909c64e5b1226563974e81c56/source
2026-06-12 15:01:23,805 [WARNING] Retrying (Retry(total=0, connect=None, read=None, redirect=None, status=None)) after connection broken by 'NewConnectionError('<urllib3.connection.HTTPConnection object at 0x00000203E445D3D0>: Failed to establish a new connection: [WinError 10061] No connection could be made because the target machine actively refused it')': /session/7ba19933019995f74d875dcb1cee2ac9/source
2026-06-12 15:01:24,316 [WARNING] Retrying (Retry(total=1, connect=None, read=None, redirect=None, status=None)) after connection broken by 'NewConnectionError('<urllib3.connection.HTTPConnection object at 0x00000203E445CC50>: Failed to establish a new connection: [WinError 10061] No connection could be made because the target machine actively refused it')': /session/efa2a07909c64e5b1226563974e81c56/source
2026-06-12 15:01:27,851 [ERROR] Detail error [https://www.naukri.com/job-listings-lab-technician-vays-infotech-bengaluru-0-to-2-years-120626009440]: HTTPConnectionPool(host='localhost', port=62472): Max retries exceeded with url: /session/7ba19933019995f74d875dcb1cee2ac9/source (Caused by NewConnectionError('<urllib3.connection.HTTPConnection object at 0x00000203E33BB1D0>: Failed to establish a new connection: [WinError 10061] No connection could be made because the target machine actively refused it'))
2026-06-12 15:01:28,397 [WARNING] Retrying (Retry(total=0, connect=None, read=None, redirect=None, status=None)) after connection broken by 'NewConnectionError('<urllib3.connection.HTTPConnection object at 0x00000203E33BA590>: Failed to establish a new connection: [WinError 10061] No connection could be made because the target machine actively refused it')': /session/efa2a07909c64e5b1226563974e81c56/source
2026-06-12 15:01:31,931 [WARNING] Retrying (Retry(total=2, connect=None, read=None, redirect=None, status=None)) after connection broken by 'NewConnectionError('<urllib3.connection.HTTPConnection object at 0x00000203E448CC50>: Failed to establish a new connection: [WinError 10061] No connection could be made because the target machine actively refused it')': /session/7ba19933019995f74d875dcb1cee2ac9/url
2026-06-12 15:01:32,447 [ERROR] Detail error [https://www.naukri.com/job-listings-law-intern-program-leonard-corporate-solutions-mumbai-0-to-2-years-290925503753]: HTTPConnectionPool(host='localhost', port=64375): Max retries exceeded with url: /session/efa2a07909c64e5b1226563974e81c56/source (Caused by NewConnectionError('<urllib3.connection.HTTPConnection object at 0x00000203E448D4D0>: Failed to establish a new connection: [WinError 10061] No connection could be made because the target machine actively refused it'))
2026-06-12 15:01:36,008 [WARNING] Retrying (Retry(total=1, connect=None, read=None, redirect=None, status=None)) after connection broken by 'NewConnectionError('<urllib3.connection.HTTPConnection object at 0x00000203E32E40D0>: Failed to establish a new connection: [WinError 10061] No connection could be made because the target machine actively refused it')': /session/7ba19933019995f74d875dcb1cee2ac9/url
2026-06-12 15:01:36,525 [WARNING] Retrying (Retry(total=2, connect=None, read=None, redirect=None, status=None)) after connection broken by 'NewConnectionError('<urllib3.connection.HTTPConnection object at 0x00000203E32E5BD0>: Failed to establish a new connection: [WinError 10061] No connection could be made because the target machine actively refused it')': /session/efa2a07909c64e5b1226563974e81c56/url
2026-06-12 15:01:40,098 [WARNING] Retrying (Retry(total=0, connect=None, read=None, redirect=None, status=None)) after connection broken by 'NewConnectionError('<urllib3.connection.HTTPConnection object at 0x00000203E436E810>: Failed to establish a new connection: [WinError 10061] No connection could be made because the target machine actively refused it')': /session/7ba19933019995f74d875dcb1cee2ac9/url
2026-06-12 15:01:40,607 [WARNING] Retrying (Retry(total=1, connect=None, read=None, redirect=None, status=None)) after connection broken by 'NewConnectionError('<urllib3.connection.HTTPConnection object at 0x00000203E3B6B090>: Failed to establish a new connection: [WinError 10061] No connection could be made because the target machine actively refused it')': /session/efa2a07909c64e5b1226563974e81c56/url
2026-06-12 15:01:44,153 [WARNING] Navigation error [https://www.naukri.com/job-listings-lab-technician-nextenti-tech-private-limited-vijayawada-0-to-2-years-280526920965]: HTTPConnectionPool(host='localhost', port=62472): Max retries exceeded with url: /session/7ba19933019995f74d875dcb1cee2ac9/url (Caused by NewConnectionError('<urllib3.connection.HTTPConnection object at 0x00000203E3B8E190>: Failed to establish a new connection: [WinError 10061] No connection could be made because the target machine actively refused it'))
2026-06-12 15:01:44,668 [WARNING] Retrying (Retry(total=0, connect=None, read=None, redirect=None, status=None)) after connection broken by 'NewConnectionError('<urllib3.connection.HTTPConnection object at 0x00000203E3B8CF90>: Failed to establish a new connection: [WinError 10061] No connection could be made because the target machine actively refused it')': /session/efa2a07909c64e5b1226563974e81c56/url
2026-06-12 15:01:48,230 [WARNING] Retrying (Retry(total=2, connect=None, read=None, redirect=None, status=None)) after connection broken by 'NewConnectionError('<urllib3.connection.HTTPConnection object at 0x00000203E3FC0110>: Failed to establish a new connection: [WinError 10061] No connection could be made because the target machine actively refused it')': /session/7ba19933019995f74d875dcb1cee2ac9/url
2026-06-12 15:01:48,755 [WARNING] Navigation error [https://www.naukri.com/job-listings-assistant-professor-lecturer-law-nimt-kotputli-0-to-5-years-250325008780]: HTTPConnectionPool(host='localhost', port=64375): Max retries exceeded with url: /session/efa2a07909c64e5b1226563974e81c56/url (Caused by NewConnectionError('<urllib3.connection.HTTPConnection object at 0x00000203E3B8F150>: Failed to establish a new connection: [WinError 10061] No connection could be made because the target machine actively refused it'))
2026-06-12 15:01:52,303 [WARNING] Retrying (Retry(total=1, connect=None, read=None, redirect=None, status=None)) after connection broken by 'NewConnectionError('<urllib3.connection.HTTPConnection object at 0x00000203E3FC0B50>: Failed to establish a new connection: [WinError 10061] No connection could be made because the target machine actively refused it')': /session/7ba19933019995f74d875dcb1cee2ac9/url
2026-06-12 15:01:52,829 [WARNING] Retrying (Retry(total=2, connect=None, read=None, redirect=None, status=None)) after connection broken by 'NewConnectionError('<urllib3.connection.HTTPConnection object at 0x00000203E32E4D90>: Failed to establish a new connection: [WinError 10061] No connection could be made because the target machine actively refused it')': /session/efa2a07909c64e5b1226563974e81c56/url
2026-06-12 15:01:56,366 [WARNING] Retrying (Retry(total=0, connect=None, read=None, redirect=None, status=None)) after connection broken by 'NewConnectionError('<urllib3.connection.HTTPConnection object at 0x00000203E3B8F8D0>: Failed to establish a new connection: [WinError 10061] No connection could be made because the target machine actively refused it')': /session/7ba19933019995f74d875dcb1cee2ac9/url
2026-06-12 15:01:56,871 [WARNING] Retrying (Retry(total=1, connect=None, read=None, redirect=None, status=None)) after connection broken by 'NewConnectionError('<urllib3.connection.HTTPConnection object at 0x00000203E4069590>: Failed to establish a new connection: [WinError 10061] No connection could be made because the target machine actively refused it')': /session/efa2a07909c64e5b1226563974e81c56/url
2026-06-12 15:02:00,432 [WARNING] Navigation error [https://www.naukri.com/job-listings-lab-technician-nextenti-tech-private-limited-kozhikode-0-to-2-years-280526921040]: HTTPConnectionPool(host='localhost', port=62472): Max retries exceeded with url: /session/7ba19933019995f74d875dcb1cee2ac9/url (Caused by NewConnectionError('<urllib3.connection.HTTPConnection object at 0x00000203E3CC7ED0>: Failed to establish a new connection: [WinError 10061] No connection could be made because the target machine actively refused it'))
2026-06-12 15:02:00,942 [WARNING] Retrying (Retry(total=0, connect=None, read=None, redirect=None, status=None)) after connection broken by 'NewConnectionError('<urllib3.connection.HTTPConnection object at 0x00000203E32E4ED0>: Failed to establish a new connection: [WinError 10061] No connection could be made because the target machine actively refused it')': /session/efa2a07909c64e5b1226563974e81c56/url
2026-06-12 15:02:04,495 [WARNING] Retrying (Retry(total=2, connect=None, read=None, redirect=None, status=None)) after connection broken by 'NewConnectionError('<urllib3.connection.HTTPConnection object at 0x00000203E445FD90>: Failed to establish a new connection: [WinError 10061] No connection could be made because the target machine actively refused it')': /session/7ba19933019995f74d875dcb1cee2ac9/url
2026-06-12 15:02:05,001 [WARNING] Navigation error [https://www.naukri.com/job-listings-law-intern-themis-law-chambers-ghaziabad-new-delhi-1-to-3-years-171024502400]: HTTPConnectionPool(host='localhost', port=64375): Max retries exceeded with url: /session/efa2a07909c64e5b1226563974e81c56/url (Caused by NewConnectionError('<urllib3.connection.HTTPConnection object at 0x00000203E436CD50>: Failed to establish a new connection: [WinError 10061] No connection could be made because the target machine actively refused it'))
2026-06-12 15:02:08,550 [WARNING] Retrying (Retry(total=1, connect=None, read=None, redirect=None, status=None)) after connection broken by 'NewConnectionError('<urllib3.connection.HTTPConnection object at 0x00000203E4607F90>: Failed to establish a new connection: [WinError 10061] No connection could be made because the target machine actively refused it')': /session/7ba19933019995f74d875dcb1cee2ac9/url
2026-06-12 15:02:09,123 [WARNING] Retrying (Retry(total=2, connect=None, read=None, redirect=None, status=None)) after connection broken by 'NewConnectionError('<urllib3.connection.HTTPConnection object at 0x00000203E38614D0>: Failed to establish a new connection: [WinError 10061] No connection could be made because the target machine actively refused it')': /session/efa2a07909c64e5b1226563974e81c56/url
2026-06-12 15:02:12,625 [WARNING] Retrying (Retry(total=0, connect=None, read=None, redirect=None, status=None)) after connection broken by 'NewConnectionError('<urllib3.connection.HTTPConnection object at 0x00000203E436D890>: Failed to establish a new connection: [WinError 10061] No connection could be made because the target machine actively refused it')': /session/7ba19933019995f74d875dcb1cee2ac9/url
2026-06-12 15:02:13,176 [WARNING] Retrying (Retry(total=1, connect=None, read=None, redirect=None, status=None)) after connection broken by 'NewConnectionError('<urllib3.connection.HTTPConnection object at 0x00000203E384A310>: Failed to establish a new connection: [WinError 10061] No connection could be made because the target machine actively refused it')': /session/efa2a07909c64e5b1226563974e81c56/url
2026-06-12 15:02:16,682 [WARNING] Navigation error [https://www.naukri.com/job-listings-we-are-hiring-apprentice-lab-technician-jodhpur-dr-lal-pathlabs-jodhpur-0-to-2-years-020626016262]: HTTPConnectionPool(host='localhost', port=62472): Max retries exceeded with url: /session/7ba19933019995f74d875dcb1cee2ac9/url (Caused by NewConnectionError('<urllib3.connection.HTTPConnection object at 0x00000203E4444A90>: Failed to establish a new connection: [WinError 10061] No connection could be made because the target machine actively refused it'))
2026-06-12 15:02:17,249 [WARNING] Retrying (Retry(total=0, connect=None, read=None, redirect=None, status=None)) after connection broken by 'NewConnectionError('<urllib3.connection.HTTPConnection object at 0x00000203E4444190>: Failed to establish a new connection: [WinError 10061] No connection could be made because the target machine actively refused it')': /session/efa2a07909c64e5b1226563974e81c56/url
2026-06-12 15:02:20,755 [WARNING] Retrying (Retry(total=2, connect=None, read=None, redirect=None, status=None)) after connection broken by 'NewConnectionError('<urllib3.connection.HTTPConnection object at 0x00000203E39A34D0>: Failed to establish a new connection: [WinError 10061] No connection could be made because the target machine actively refused it')': /session/7ba19933019995f74d875dcb1cee2ac9/url
2026-06-12 15:02:21,310 [WARNING] Navigation error [https://www.naukri.com/job-listings-legal-intern-gautam-law-chamber-nokha-0-to-3-years-010426501959]: HTTPConnectionPool(host='localhost', port=64375): Max retries exceeded with url: /session/efa2a07909c64e5b1226563974e81c56/url (Caused by NewConnectionError('<urllib3.connection.HTTPConnection object at 0x00000203E39A2550>: Failed to establish a new connection: [WinError 10061] No connection could be made because the target machine actively refused it'))
2026-06-12 15:02:24,807 [WARNING] Retrying (Retry(total=1, connect=None, read=None, redirect=None, status=None)) after connection broken by 'NewConnectionError('<urllib3.connection.HTTPConnection object at 0x00000203E32E5010>: Failed to establish a new connection: [WinError 10061] No connection could be made because the target machine actively refused it')': /session/7ba19933019995f74d875dcb1cee2ac9/url
2026-06-12 15:02:25,383 [WARNING] Retrying (Retry(total=2, connect=None, read=None, redirect=None, status=None)) after connection broken by 'NewConnectionError('<urllib3.connection.HTTPConnection object at 0x00000203E3FAD390>: Failed to establish a new connection: [WinError 10061] No connection could be made because the target machine actively refused it')': /session/efa2a07909c64e5b1226563974e81c56/url
2026-06-12 15:02:28,880 [WARNING] Retrying (Retry(total=0, connect=None, read=None, redirect=None, status=None)) after connection broken by 'NewConnectionError('<urllib3.connection.HTTPConnection object at 0x00000203E37DB110>: Failed to establish a new connection: [WinError 10061] No connection could be made because the target machine actively refused it')': /session/7ba19933019995f74d875dcb1cee2ac9/url
2026-06-12 15:02:29,434 [WARNING] Retrying (Retry(total=1, connect=None, read=None, redirect=None, status=None)) after connection broken by 'NewConnectionError('<urllib3.connection.HTTPConnection object at 0x00000203E33BADD0>: Failed to establish a new connection: [WinError 10061] No connection could be made because the target machine actively refused it')': /session/efa2a07909c64e5b1226563974e81c56/url
2026-06-12 15:02:32,939 [WARNING] Navigation error [https://www.naukri.com/job-listings-lab-technician-nextenti-tech-private-limited-bengaluru-0-to-2-years-280526921027]: HTTPConnectionPool(host='localhost', port=62472): Max retries exceeded with url: /session/7ba19933019995f74d875dcb1cee2ac9/url (Caused by NewConnectionError('<urllib3.connection.HTTPConnection object at 0x00000203E3C31790>: Failed to establish a new connection: [WinError 10061] No connection could be made because the target machine actively refused it'))
2026-06-12 15:02:33,500 [WARNING] Retrying (Retry(total=0, connect=None, read=None, redirect=None, status=None)) after connection broken by 'NewConnectionError('<urllib3.connection.HTTPConnection object at 0x00000203E40AF450>: Failed to establish a new connection: [WinError 10061] No connection could be made because the target machine actively refused it')': /session/efa2a07909c64e5b1226563974e81c56/url
2026-06-12 15:02:37,015 [WARNING] Retrying (Retry(total=2, connect=None, read=None, redirect=None, status=None)) after connection broken by 'NewConnectionError('<urllib3.connection.HTTPConnection object at 0x00000203E41E62D0>: Failed to establish a new connection: [WinError 10061] No connection could be made because the target machine actively refused it')': /session/7ba19933019995f74d875dcb1cee2ac9/url
2026-06-12 15:02:37,583 [WARNING] Navigation error [https://www.naukri.com/job-listings-female-legal-associate-legal-compliance-hr-corporate-legal-cs-law-aks-websoft-consulting-noida-new-delhi-delhi-ncr-0-to-1-years-120526006193]: HTTPConnectionPool(host='localhost', port=64375): Max retries exceeded with url: /session/efa2a07909c64e5b1226563974e81c56/url (Caused by NewConnectionError('<urllib3.connection.HTTPConnection object at 0x00000203E41E5C10>: Failed to establish a new connection: [WinError 10061] No connection could be made because the target machine actively refused it'))
2026-06-12 15:02:41,084 [WARNING] Retrying (Retry(total=1, connect=None, read=None, redirect=None, status=None)) after connection broken by 'NewConnectionError('<urllib3.connection.HTTPConnection object at 0x00000203E3FD3390>: Failed to establish a new connection: [WinError 10061] No connection could be made because the target machine actively refused it')': /session/7ba19933019995f74d875dcb1cee2ac9/url
2026-06-12 15:02:41,643 [WARNING] Retrying (Retry(total=2, connect=None, read=None, redirect=None, status=None)) after connection broken by 'NewConnectionError('<urllib3.connection.HTTPConnection object at 0x00000203E3FD0450>: Failed to establish a new connection: [WinError 10061] No connection could be made because the target machine actively refused it')': /session/efa2a07909c64e5b1226563974e81c56/url
2026-06-12 15:02:45,151 [WARNING] Retrying (Retry(total=0, connect=None, read=None, redirect=None, status=None)) after connection broken by 'NewConnectionError('<urllib3.connection.HTTPConnection object at 0x00000203E43C7490>: Failed to establish a new connection: [WinError 10061] No connection could be made because the target machine actively refused it')': /session/7ba19933019995f74d875dcb1cee2ac9/url
2026-06-12 15:02:45,704 [WARNING] Retrying (Retry(total=1, connect=None, read=None, redirect=None, status=None)) after connection broken by 'NewConnectionError('<urllib3.connection.HTTPConnection object at 0x00000203E44459D0>: Failed to establish a new connection: [WinError 10061] No connection could be made because the target machine actively refused it')': /session/efa2a07909c64e5b1226563974e81c56/url
2026-06-12 15:02:49,234 [WARNING] Navigation error [https://www.naukri.com/job-listings-we-are-hiring-intern-lab-technician-prayagraj-varanasi-lucknow-dr-lal-pathlabs-prayagraj-varanasi-lucknow-0-to-1-years-190526017782]: HTTPConnectionPool(host='localhost', port=62472): Max retries exceeded with url: /session/7ba19933019995f74d875dcb1cee2ac9/url (Caused by NewConnectionError('<urllib3.connection.HTTPConnection object at 0x00000203E43C60D0>: Failed to establish a new connection: [WinError 10061] No connection could be made because the target machine actively refused it'))
2026-06-12 15:02:49,776 [WARNING] Retrying (Retry(total=0, connect=None, read=None, redirect=None, status=None)) after connection broken by 'NewConnectionError('<urllib3.connection.HTTPConnection object at 0x00000203E3C88A10>: Failed to establish a new connection: [WinError 10061] No connection could be made because the target machine actively refused it')': /session/efa2a07909c64e5b1226563974e81c56/url
2026-06-12 15:02:53,323 [WARNING] Retrying (Retry(total=2, connect=None, read=None, redirect=None, status=None)) after connection broken by 'NewConnectionError('<urllib3.connection.HTTPConnection object at 0x00000203E35064D0>: Failed to establish a new connection: [WinError 10061] No connection could be made because the target machine actively refused it')': /session/7ba19933019995f74d875dcb1cee2ac9/url
2026-06-12 15:02:53,850 [WARNING] Navigation error [https://www.naukri.com/job-listings-law-intern-b-b-associates-llp-noida-ludhiana-chandigarh-patiala-dehradun-lucknow-panchkula-0-to-2-years-230425501185]: HTTPConnectionPool(host='localhost', port=64375): Max retries exceeded with url: /session/efa2a07909c64e5b1226563974e81c56/url (Caused by NewConnectionError('<urllib3.connection.HTTPConnection object at 0x00000203E35061D0>: Failed to establish a new connection: [WinError 10061] No connection could be made because the target machine actively refused it'))
2026-06-12 15:02:57,398 [WARNING] Retrying (Retry(total=1, connect=None, read=None, redirect=None, status=None)) after connection broken by 'NewConnectionError('<urllib3.connection.HTTPConnection object at 0x00000203E3F214D0>: Failed to establish a new connection: [WinError 10061] No connection could be made because the target machine actively refused it')': /session/7ba19933019995f74d875dcb1cee2ac9/url
2026-06-12 15:02:57,900 [WARNING] Retrying (Retry(total=2, connect=None, read=None, redirect=None, status=None)) after connection broken by 'NewConnectionError('<urllib3.connection.HTTPConnection object at 0x00000203E3F22250>: Failed to establish a new connection: [WinError 10061] No connection could be made because the target machine actively refused it')': /session/efa2a07909c64e5b1226563974e81c56/url
2026-06-12 15:03:01,448 [WARNING] Retrying (Retry(total=0, connect=None, read=None, redirect=None, status=None)) after connection broken by 'NewConnectionError('<urllib3.connection.HTTPConnection object at 0x00000203E40ADC50>: Failed to establish a new connection: [WinError 10061] No connection could be made because the target machine actively refused it')': /session/7ba19933019995f74d875dcb1cee2ac9/url
2026-06-12 15:03:01,959 [WARNING] Retrying (Retry(total=1, connect=None, read=None, redirect=None, status=None)) after connection broken by 'NewConnectionError('<urllib3.connection.HTTPConnection object at 0x00000203E3F0A790>: Failed to establish a new connection: [WinError 10061] No connection could be made because the target machine actively refused it')': /session/efa2a07909c64e5b1226563974e81c56/url
2026-06-12 15:03:05,510 [WARNING] Navigation error [https://www.naukri.com/job-listings-we-are-hiring-intern-lab-technician-bareilly-and-gorakhpur-dr-lal-pathlabs-bareilly-gorakhpur-0-to-1-years-190526017979]: HTTPConnectionPool(host='localhost', port=62472): Max retries exceeded with url: /session/7ba19933019995f74d875dcb1cee2ac9/url (Caused by NewConnectionError('<urllib3.connection.HTTPConnection object at 0x00000203E4291990>: Failed to establish a new connection: [WinError 10061] No connection could be made because the target machine actively refused it'))
2026-06-12 15:03:06,000 [WARNING] Retrying (Retry(total=0, connect=None, read=None, redirect=None, status=None)) after connection broken by 'NewConnectionError('<urllib3.connection.HTTPConnection object at 0x00000203E4291110>: Failed to establish a new connection: [WinError 10061] No connection could be made because the target machine actively refused it')': /session/efa2a07909c64e5b1226563974e81c56/url
2026-06-12 15:03:09,578 [WARNING] Retrying (Retry(total=2, connect=None, read=None, redirect=None, status=None)) after connection broken by 'NewConnectionError('<urllib3.connection.HTTPConnection object at 0x00000203E41C6650>: Failed to establish a new connection: [WinError 10061] No connection could be made because the target machine actively refused it')': /session/7ba19933019995f74d875dcb1cee2ac9/url
2026-06-12 15:03:10,039 [WARNING] Navigation error [https://www.naukri.com/job-listings-assistant-professor-lecturer-law-nimt-greater-noida-0-to-5-years-240725021781]: HTTPConnectionPool(host='localhost', port=64375): Max retries exceeded with url: /session/efa2a07909c64e5b1226563974e81c56/url (Caused by NewConnectionError('<urllib3.connection.HTTPConnection object at 0x00000203E41C4350>: Failed to establish a new connection: [WinError 10061] No connection could be made because the target machine actively refused it'))
2026-06-12 15:03:13,638 [WARNING] Retrying (Retry(total=1, connect=None, read=None, redirect=None, status=None)) after connection broken by 'NewConnectionError('<urllib3.connection.HTTPConnection object at 0x00000203E3356D10>: Failed to establish a new connection: [WinError 10061] No connection could be made because the target machine actively refused it')': /session/7ba19933019995f74d875dcb1cee2ac9/url
2026-06-12 15:03:14,109 [WARNING] Retrying (Retry(total=2, connect=None, read=None, redirect=None, status=None)) after connection broken by 'NewConnectionError('<urllib3.connection.HTTPConnection object at 0x00000203E3355D50>: Failed to establish a new connection: [WinError 10061] No connection could be made because the target machine actively refused it')': /session/efa2a07909c64e5b1226563974e81c56/url
2026-06-12 15:03:17,691 [WARNING] Retrying (Retry(total=0, connect=None, read=None, redirect=None, status=None)) after connection broken by 'NewConnectionError('<urllib3.connection.HTTPConnection object at 0x00000203E3354550>: Failed to establish a new connection: [WinError 10061] No connection could be made because the target machine actively refused it')': /session/7ba19933019995f74d875dcb1cee2ac9/url
2026-06-12 15:03:18,179 [WARNING] Retrying (Retry(total=1, connect=None, read=None, redirect=None, status=None)) after connection broken by 'NewConnectionError('<urllib3.connection.HTTPConnection object at 0x00000203E43C5990>: Failed to establish a new connection: [WinError 10061] No connection could be made because the target machine actively refused it')': /session/efa2a07909c64e5b1226563974e81c56/url
2026-06-12 15:03:21,761 [WARNING] Navigation error [https://www.naukri.com/job-listings-we-are-hiring-intern-lab-technician-amritsar-shimla-hamirpur-dr-lal-pathlabs-hamirpur-shimla-amritsar-0-to-1-years-190526029182]: HTTPConnectionPool(host='localhost', port=62472): Max retries exceeded with url: /session/7ba19933019995f74d875dcb1cee2ac9/url (Caused by NewConnectionError('<urllib3.connection.HTTPConnection object at 0x00000203E3354E90>: Failed to establish a new connection: [WinError 10061] No connection could be made because the target machine actively refused it'))
2026-06-12 15:03:22,276 [WARNING] Retrying (Retry(total=0, connect=None, read=None, redirect=None, status=None)) after connection broken by 'NewConnectionError('<urllib3.connection.HTTPConnection object at 0x00000203E42937D0>: Failed to establish a new connection: [WinError 10061] No connection could be made because the target machine actively refused it')': /session/efa2a07909c64e5b1226563974e81c56/url
2026-06-12 15:03:25,825 [WARNING] Retrying (Retry(total=2, connect=None, read=None, redirect=None, status=None)) after connection broken by 'NewConnectionError('<urllib3.connection.HTTPConnection object at 0x00000203E41C4790>: Failed to establish a new connection: [WinError 10061] No connection could be made because the target machine actively refused it')': /session/7ba19933019995f74d875dcb1cee2ac9/url
2026-06-12 15:03:26,330 [WARNING] Navigation error [https://www.naukri.com/job-listings-in-house-counsel-legal-counsel-legal-officer-novikov-tabac-international-mumbai-suburban-0-to-3-years-110626015422]: HTTPConnectionPool(host='localhost', port=64375): Max retries exceeded with url: /session/efa2a07909c64e5b1226563974e81c56/url (Caused by NewConnectionError('<urllib3.connection.HTTPConnection object at 0x00000203E3D5FD90>: Failed to establish a new connection: [WinError 10061] No connection could be made because the target machine actively refused it'))
2026-06-12 15:03:29,913 [WARNING] Retrying (Retry(total=1, connect=None, read=None, redirect=None, status=None)) after connection broken by 'NewConnectionError('<urllib3.connection.HTTPConnection object at 0x00000203E3D5CB10>: Failed to establish a new connection: [WinError 10061] No connection could be made because the target machine actively refused it')': /session/7ba19933019995f74d875dcb1cee2ac9/url
2026-06-12 15:03:30,428 [WARNING] Retrying (Retry(total=2, connect=None, read=None, redirect=None, status=None)) after connection broken by 'NewConnectionError('<urllib3.connection.HTTPConnection object at 0x00000203E3D5E890>: Failed to establish a new connection: [WinError 10061] No connection could be made because the target machine actively refused it')': /session/efa2a07909c64e5b1226563974e81c56/url
2026-06-12 15:03:33,972 [WARNING] Retrying (Retry(total=0, connect=None, read=None, redirect=None, status=None)) after connection broken by 'NewConnectionError('<urllib3.connection.HTTPConnection object at 0x00000203E40904D0>: Failed to establish a new connection: [WinError 10061] No connection could be made because the target machine actively refused it')': /session/7ba19933019995f74d875dcb1cee2ac9/url
2026-06-12 15:03:34,500 [WARNING] Retrying (Retry(total=1, connect=None, read=None, redirect=None, status=None)) after connection broken by 'NewConnectionError('<urllib3.connection.HTTPConnection object at 0x00000203E4092C10>: Failed to establish a new connection: [WinError 10061] No connection could be made because the target machine actively refused it')': /session/efa2a07909c64e5b1226563974e81c56/url
2026-06-12 15:03:38,044 [WARNING] Navigation error [https://www.naukri.com/job-listings-we-are-hiring-intern-lab-technician-hisar-panipat-moga-dr-lal-pathlabs-panipat-hisar-moga-0-to-1-years-190526028984]: HTTPConnectionPool(host='localhost', port=62472): Max retries exceeded with url: /session/7ba19933019995f74d875dcb1cee2ac9/url (Caused by NewConnectionError('<urllib3.connection.HTTPConnection object at 0x00000203E3354CD0>: Failed to establish a new connection: [WinError 10061] No connection could be made because the target machine actively refused it'))
2026-06-12 15:03:38,547 [WARNING] Retrying (Retry(total=0, connect=None, read=None, redirect=None, status=None)) after connection broken by 'NewConnectionError('<urllib3.connection.HTTPConnection object at 0x00000203E3355AD0>: Failed to establish a new connection: [WinError 10061] No connection could be made because the target machine actively refused it')': /session/efa2a07909c64e5b1226563974e81c56/url
2026-06-12 15:03:42,118 [WARNING] Retrying (Retry(total=2, connect=None, read=None, redirect=None, status=None)) after connection broken by 'NewConnectionError('<urllib3.connection.HTTPConnection object at 0x00000203E3356D10>: Failed to establish a new connection: [WinError 10061] No connection could be made because the target machine actively refused it')': /session/7ba19933019995f74d875dcb1cee2ac9/url
2026-06-12 15:03:42,620 [WARNING] Navigation error [https://www.naukri.com/job-listings-law-associate-gautam-law-chamber-nokha-4-to-9-years-310326502392]: HTTPConnectionPool(host='localhost', port=64375): Max retries exceeded with url: /session/efa2a07909c64e5b1226563974e81c56/url (Caused by NewConnectionError('<urllib3.connection.HTTPConnection object at 0x00000203E33553D0>: Failed to establish a new connection: [WinError 10061] No connection could be made because the target machine actively refused it'))
2026-06-12 15:03:46,183 [WARNING] Retrying (Retry(total=1, connect=None, read=None, redirect=None, status=None)) after connection broken by 'NewConnectionError('<urllib3.connection.HTTPConnection object at 0x00000203E3505BD0>: Failed to establish a new connection: [WinError 10061] No connection could be made because the target machine actively refused it')': /session/7ba19933019995f74d875dcb1cee2ac9/url
2026-06-12 15:03:46,691 [WARNING] Retrying (Retry(total=2, connect=None, read=None, redirect=None, status=None)) after connection broken by 'NewConnectionError('<urllib3.connection.HTTPConnection object at 0x00000203E3507C90>: Failed to establish a new connection: [WinError 10061] No connection could be made because the target machine actively refused it')': /session/efa2a07909c64e5b1226563974e81c56/url
2026-06-12 15:03:50,235 [WARNING] Retrying (Retry(total=0, connect=None, read=None, redirect=None, status=None)) after connection broken by 'NewConnectionError('<urllib3.connection.HTTPConnection object at 0x00000203E43C5AD0>: Failed to establish a new connection: [WinError 10061] No connection could be made because the target machine actively refused it')': /session/7ba19933019995f74d875dcb1cee2ac9/url
2026-06-12 15:03:50,752 [WARNING] Retrying (Retry(total=1, connect=None, read=None, redirect=None, status=None)) after connection broken by 'NewConnectionError('<urllib3.connection.HTTPConnection object at 0x00000203E3FD2C90>: Failed to establish a new connection: [WinError 10061] No connection could be made because the target machine actively refused it')': /session/efa2a07909c64e5b1226563974e81c56/url
2026-06-12 15:03:54,316 [WARNING] Navigation error [https://www.naukri.com/job-listings-we-are-hiring-lab-technician-sambalpur-dr-lal-pathlabs-bargarh-sambalpur-jharsuguda-1-to-5-years-050626025576]: HTTPConnectionPool(host='localhost', port=62472): Max retries exceeded with url: /session/7ba19933019995f74d875dcb1cee2ac9/url (Caused by NewConnectionError('<urllib3.connection.HTTPConnection object at 0x00000203E35064D0>: Failed to establish a new connection: [WinError 10061] No connection could be made because the target machine actively refused it'))
2026-06-12 15:03:54,818 [WARNING] Retrying (Retry(total=0, connect=None, read=None, redirect=None, status=None)) after connection broken by 'NewConnectionError('<urllib3.connection.HTTPConnection object at 0x00000203E41E5F10>: Failed to establish a new connection: [WinError 10061] No connection could be made because the target machine actively refused it')': /session/efa2a07909c64e5b1226563974e81c56/url
2026-06-12 15:03:58,376 [WARNING] Retrying (Retry(total=2, connect=None, read=None, redirect=None, status=None)) after connection broken by 'NewConnectionError('<urllib3.connection.HTTPConnection object at 0x00000203E41C46D0>: Failed to establish a new connection: [WinError 10061] No connection could be made because the target machine actively refused it')': /session/7ba19933019995f74d875dcb1cee2ac9/url
2026-06-12 15:03:58,880 [WARNING] Navigation error [https://www.naukri.com/job-listings-intern-law-students-venso-law-offices-llp-guntur-0-to-2-years-030724503338]: HTTPConnectionPool(host='localhost', port=64375): Max retries exceeded with url: /session/efa2a07909c64e5b1226563974e81c56/url (Caused by NewConnectionError('<urllib3.connection.HTTPConnection object at 0x00000203E3D5F610>: Failed to establish a new connection: [WinError 10061] No connection could be made because the target machine actively refused it'))
2026-06-12 15:04:02,441 [WARNING] Retrying (Retry(total=1, connect=None, read=None, redirect=None, status=None)) after connection broken by 'NewConnectionError('<urllib3.connection.HTTPConnection object at 0x00000203E3D5DB90>: Failed to establish a new connection: [WinError 10061] No connection could be made because the target machine actively refused it')': /session/7ba19933019995f74d875dcb1cee2ac9/url
2026-06-12 15:04:02,955 [WARNING] Retrying (Retry(total=2, connect=None, read=None, redirect=None, status=None)) after connection broken by 'NewConnectionError('<urllib3.connection.HTTPConnection object at 0x00000203E37DAB50>: Failed to establish a new connection: [WinError 10061] No connection could be made because the target machine actively refused it')': /session/efa2a07909c64e5b1226563974e81c56/url
2026-06-12 15:04:06,499 [WARNING] Retrying (Retry(total=0, connect=None, read=None, redirect=None, status=None)) after connection broken by 'NewConnectionError('<urllib3.connection.HTTPConnection object at 0x00000203E3D5CC50>: Failed to establish a new connection: [WinError 10061] No connection could be made because the target machine actively refused it')': /session/7ba19933019995f74d875dcb1cee2ac9/url
2026-06-12 15:04:07,035 [WARNING] Retrying (Retry(total=1, connect=None, read=None, redirect=None, status=None)) after connection broken by 'NewConnectionError('<urllib3.connection.HTTPConnection object at 0x00000203E3FAE890>: Failed to establish a new connection: [WinError 10061] No connection could be made because the target machine actively refused it')': /session/efa2a07909c64e5b1226563974e81c56/url
2026-06-12 15:04:10,566 [WARNING] Navigation error [https://www.naukri.com/job-listings-lab-technician-dr-vermas-diagnostic-clinic-new-delhi-1-to-3-years-110626016157]: HTTPConnectionPool(host='localhost', port=62472): Max retries exceeded with url: /session/7ba19933019995f74d875dcb1cee2ac9/url (Caused by NewConnectionError('<urllib3.connection.HTTPConnection object at 0x00000203E3D5C410>: Failed to establish a new connection: [WinError 10061] No connection could be made because the target machine actively refused it'))
2026-06-12 15:04:11,098 [WARNING] Retrying (Retry(total=0, connect=None, read=None, redirect=None, status=None)) after connection broken by 'NewConnectionError('<urllib3.connection.HTTPConnection object at 0x00000203E41E5FD0>: Failed to establish a new connection: [WinError 10061] No connection could be made because the target machine actively refused it')': /session/efa2a07909c64e5b1226563974e81c56/url
2026-06-12 15:04:14,640 [WARNING] Retrying (Retry(total=2, connect=None, read=None, redirect=None, status=None)) after connection broken by 'NewConnectionError('<urllib3.connection.HTTPConnection object at 0x00000203E4290210>: Failed to establish a new connection: [WinError 10061] No connection could be made because the target machine actively refused it')': /session/7ba19933019995f74d875dcb1cee2ac9/url
2026-06-12 15:04:15,151 [WARNING] Navigation error [https://www.naukri.com/job-listings-senior-law-associate-gautam-law-chamber-nokha-3-to-9-years-310326502391]: HTTPConnectionPool(host='localhost', port=64375): Max retries exceeded with url: /session/efa2a07909c64e5b1226563974e81c56/url (Caused by NewConnectionError('<urllib3.connection.HTTPConnection object at 0x00000203E39A3650>: Failed to establish a new connection: [WinError 10061] No connection could be made because the target machine actively refused it'))
2026-06-12 15:04:18,709 [WARNING] Retrying (Retry(total=1, connect=None, read=None, redirect=None, status=None)) after connection broken by 'NewConnectionError('<urllib3.connection.HTTPConnection object at 0x00000203E43C4150>: Failed to establish a new connection: [WinError 10061] No connection could be made because the target machine actively refused it')': /session/7ba19933019995f74d875dcb1cee2ac9/url
2026-06-12 15:04:19,208 [WARNING] Retrying (Retry(total=2, connect=None, read=None, redirect=None, status=None)) after connection broken by 'NewConnectionError('<urllib3.connection.HTTPConnection object at 0x00000203E3FD3890>: Failed to establish a new connection: [WinError 10061] No connection could be made because the target machine actively refused it')': /session/efa2a07909c64e5b1226563974e81c56/url
2026-06-12 15:04:22,766 [WARNING] Retrying (Retry(total=0, connect=None, read=None, redirect=None, status=None)) after connection broken by 'NewConnectionError('<urllib3.connection.HTTPConnection object at 0x00000203E4447C10>: Failed to establish a new connection: [WinError 10061] No connection could be made because the target machine actively refused it')': /session/7ba19933019995f74d875dcb1cee2ac9/url
2026-06-12 15:04:23,270 [WARNING] Retrying (Retry(total=1, connect=None, read=None, redirect=None, status=None)) after connection broken by 'NewConnectionError('<urllib3.connection.HTTPConnection object at 0x00000203E3C31950>: Failed to establish a new connection: [WinError 10061] No connection could be made because the target machine actively refused it')': /session/efa2a07909c64e5b1226563974e81c56/url
2026-06-12 15:04:26,833 [WARNING] Navigation error [https://www.naukri.com/job-listings-we-are-hiring-lab-technician-south-kolkata-dr-lal-pathlabs-kolkata-1-to-5-years-050626025737]: HTTPConnectionPool(host='localhost', port=62472): Max retries exceeded with url: /session/7ba19933019995f74d875dcb1cee2ac9/url (Caused by NewConnectionError('<urllib3.connection.HTTPConnection object at 0x00000203E41E53D0>: Failed to establish a new connection: [WinError 10061] No connection could be made because the target machine actively refused it'))
2026-06-12 15:04:27,342 [WARNING] Retrying (Retry(total=0, connect=None, read=None, redirect=None, status=None)) after connection broken by 'NewConnectionError('<urllib3.connection.HTTPConnection object at 0x00000203E384A5D0>: Failed to establish a new connection: [WinError 10061] No connection could be made because the target machine actively refused it')': /session/efa2a07909c64e5b1226563974e81c56/url
2026-06-12 15:04:30,880 [WARNING] Retrying (Retry(total=2, connect=None, read=None, redirect=None, status=None)) after connection broken by 'NewConnectionError('<urllib3.connection.HTTPConnection object at 0x00000203E3D5CC50>: Failed to establish a new connection: [WinError 10061] No connection could be made because the target machine actively refused it')': /session/7ba19933019995f74d875dcb1cee2ac9/url
2026-06-12 15:04:31,385 [WARNING] Navigation error [https://www.naukri.com/job-listings-freshers-hiring-for-process-executive-law-graduates-only-cognizant-hyderabad-0-to-1-years-060626000323]: HTTPConnectionPool(host='localhost', port=64375): Max retries exceeded with url: /session/efa2a07909c64e5b1226563974e81c56/url (Caused by NewConnectionError('<urllib3.connection.HTTPConnection object at 0x00000203E39A3850>: Failed to establish a new connection: [WinError 10061] No connection could be made because the target machine actively refused it'))
2026-06-12 15:04:34,943 [WARNING] Retrying (Retry(total=1, connect=None, read=None, redirect=None, status=None)) after connection broken by 'NewConnectionError('<urllib3.connection.HTTPConnection object at 0x00000203E3FAC390>: Failed to establish a new connection: [WinError 10061] No connection could be made because the target machine actively refused it')': /session/7ba19933019995f74d875dcb1cee2ac9/url
2026-06-12 15:04:35,447 [WARNING] Retrying (Retry(total=2, connect=None, read=None, redirect=None, status=None)) after connection broken by 'NewConnectionError('<urllib3.connection.HTTPConnection object at 0x00000203E3FAD910>: Failed to establish a new connection: [WinError 10061] No connection could be made because the target machine actively refused it')': /session/efa2a07909c64e5b1226563974e81c56/url
2026-06-12 15:04:38,996 [WARNING] Retrying (Retry(total=0, connect=None, read=None, redirect=None, status=None)) after connection broken by 'NewConnectionError('<urllib3.connection.HTTPConnection object at 0x00000203E3862710>: Failed to establish a new connection: [WinError 10061] No connection could be made because the target machine actively refused it')': /session/7ba19933019995f74d875dcb1cee2ac9/url
2026-06-12 15:04:39,505 [WARNING] Retrying (Retry(total=1, connect=None, read=None, redirect=None, status=None)) after connection broken by 'NewConnectionError('<urllib3.connection.HTTPConnection object at 0x00000203E4605B90>: Failed to establish a new connection: [WinError 10061] No connection could be made because the target machine actively refused it')': /session/efa2a07909c64e5b1226563974e81c56/url
2026-06-12 15:04:43,053 [WARNING] Navigation error [https://www.naukri.com/job-listings-lab-technician-lions-blood-bank-chennai-0-to-5-years-190226500799]: HTTPConnectionPool(host='localhost', port=62472): Max retries exceeded with url: /session/7ba19933019995f74d875dcb1cee2ac9/url (Caused by NewConnectionError('<urllib3.connection.HTTPConnection object at 0x00000203E39A2610>: Failed to establish a new connection: [WinError 10061] No connection could be made because the target machine actively refused it'))
2026-06-12 15:04:43,559 [WARNING] Retrying (Retry(total=0, connect=None, read=None, redirect=None, status=None)) after connection broken by 'NewConnectionError('<urllib3.connection.HTTPConnection object at 0x00000203E3891C10>: Failed to establish a new connection: [WinError 10061] No connection could be made because the target machine actively refused it')': /session/efa2a07909c64e5b1226563974e81c56/url
2026-06-12 15:04:47,116 [WARNING] Retrying (Retry(total=2, connect=None, read=None, redirect=None, status=None)) after connection broken by 'NewConnectionError('<urllib3.connection.HTTPConnection object at 0x00000203E41E44D0>: Failed to establish a new connection: [WinError 10061] No connection could be made because the target machine actively refused it')': /session/7ba19933019995f74d875dcb1cee2ac9/url
2026-06-12 15:04:47,638 [WARNING] Navigation error [https://www.naukri.com/job-listings-junior-associate-law-background-junior-fresher-sai-properties-projects-ltd-vijayawada-0-to-2-years-080626013479]: HTTPConnectionPool(host='localhost', port=64375): Max retries exceeded with url: /session/efa2a07909c64e5b1226563974e81c56/url (Caused by NewConnectionError('<urllib3.connection.HTTPConnection object at 0x00000203E44456D0>: Failed to establish a new connection: [WinError 10061] No connection could be made because the target machine actively refused it'))
2026-06-12 15:04:51,195 [WARNING] Retrying (Retry(total=1, connect=None, read=None, redirect=None, status=None)) after connection broken by 'NewConnectionError('<urllib3.connection.HTTPConnection object at 0x00000203E3FD3710>: Failed to establish a new connection: [WinError 10061] No connection could be made because the target machine actively refused it')': /session/7ba19933019995f74d875dcb1cee2ac9/url
2026-06-12 15:04:51,708 [WARNING] Retrying (Retry(total=2, connect=None, read=None, redirect=None, status=None)) after connection broken by 'NewConnectionError('<urllib3.connection.HTTPConnection object at 0x00000203E384ABD0>: Failed to establish a new connection: [WinError 10061] No connection could be made because the target machine actively refused it')': /session/efa2a07909c64e5b1226563974e81c56/url
2026-06-12 15:04:55,274 [WARNING] Retrying (Retry(total=0, connect=None, read=None, redirect=None, status=None)) after connection broken by 'NewConnectionError('<urllib3.connection.HTTPConnection object at 0x00000203E445CFD0>: Failed to establish a new connection: [WinError 10061] No connection could be made because the target machine actively refused it')': /session/7ba19933019995f74d875dcb1cee2ac9/url
2026-06-12 15:04:55,789 [WARNING] Retrying (Retry(total=1, connect=None, read=None, redirect=None, status=None)) after connection broken by 'NewConnectionError('<urllib3.connection.HTTPConnection object at 0x00000203E436DE50>: Failed to establish a new connection: [WinError 10061] No connection could be made because the target machine actively refused it')': /session/efa2a07909c64e5b1226563974e81c56/url
2026-06-12 15:04:59,372 [WARNING] Navigation error [https://www.naukri.com/job-listings-lab-technician-st-josephs-general-hospital-ghaziabad-3-to-5-years-100626506422]: HTTPConnectionPool(host='localhost', port=62472): Max retries exceeded with url: /session/7ba19933019995f74d875dcb1cee2ac9/url (Caused by NewConnectionError('<urllib3.connection.HTTPConnection object at 0x00000203E21D4B50>: Failed to establish a new connection: [WinError 10061] No connection could be made because the target machine actively refused it'))
2026-06-12 15:04:59,864 [WARNING] Retrying (Retry(total=0, connect=None, read=None, redirect=None, status=None)) after connection broken by 'NewConnectionError('<urllib3.connection.HTTPConnection object at 0x00000203E33BADD0>: Failed to establish a new connection: [WinError 10061] No connection could be made because the target machine actively refused it')': /session/efa2a07909c64e5b1226563974e81c56/url
2026-06-12 15:05:03,448 [WARNING] Retrying (Retry(total=2, connect=None, read=None, redirect=None, status=None)) after connection broken by 'NewConnectionError('<urllib3.connection.HTTPConnection object at 0x00000203E40AEF50>: Failed to establish a new connection: [WinError 10061] No connection could be made because the target machine actively refused it')': /session/7ba19933019995f74d875dcb1cee2ac9/url
2026-06-12 15:05:03,949 [WARNING] Navigation error [https://www.naukri.com/job-listings-legal-executive-nest-education-pune-0-to-5-years-140526504305]: HTTPConnectionPool(host='localhost', port=64375): Max retries exceeded with url: /session/efa2a07909c64e5b1226563974e81c56/url (Caused by NewConnectionError('<urllib3.connection.HTTPConnection object at 0x00000203E39A3910>: Failed to establish a new connection: [WinError 10061] No connection could be made because the target machine actively refused it'))
2026-06-12 15:05:07,512 [WARNING] Retrying (Retry(total=1, connect=None, read=None, redirect=None, status=None)) after connection broken by 'NewConnectionError('<urllib3.connection.HTTPConnection object at 0x00000203E33B8B50>: Failed to establish a new connection: [WinError 10061] No connection could be made because the target machine actively refused it')': /session/7ba19933019995f74d875dcb1cee2ac9/url
2026-06-12 15:05:08,027 [WARNING] Retrying (Retry(total=2, connect=None, read=None, redirect=None, status=None)) after connection broken by 'NewConnectionError('<urllib3.connection.HTTPConnection object at 0x00000203E3355150>: Failed to establish a new connection: [WinError 10061] No connection could be made because the target machine actively refused it')': /session/efa2a07909c64e5b1226563974e81c56/url
2026-06-12 15:05:11,590 [WARNING] Retrying (Retry(total=0, connect=None, read=None, redirect=None, status=None)) after connection broken by 'NewConnectionError('<urllib3.connection.HTTPConnection object at 0x00000203E32E4090>: Failed to establish a new connection: [WinError 10061] No connection could be made because the target machine actively refused it')': /session/7ba19933019995f74d875dcb1cee2ac9/url
2026-06-12 15:05:12,089 [WARNING] Retrying (Retry(total=1, connect=None, read=None, redirect=None, status=None)) after connection broken by 'NewConnectionError('<urllib3.connection.HTTPConnection object at 0x00000203E4606490>: Failed to establish a new connection: [WinError 10061] No connection could be made because the target machine actively refused it')': /session/efa2a07909c64e5b1226563974e81c56/url
2026-06-12 15:05:15,671 [WARNING] Navigation error [https://www.naukri.com/job-listings-lab-technician-namdhari-seeds-bidadi-bengaluru-0-to-1-years-180526003291]: HTTPConnectionPool(host='localhost', port=62472): Max retries exceeded with url: /session/7ba19933019995f74d875dcb1cee2ac9/url (Caused by NewConnectionError('<urllib3.connection.HTTPConnection object at 0x00000203E448DD90>: Failed to establish a new connection: [WinError 10061] No connection could be made because the target machine actively refused it'))
2026-06-12 15:05:16,146 [WARNING] Retrying (Retry(total=0, connect=None, read=None, redirect=None, status=None)) after connection broken by 'NewConnectionError('<urllib3.connection.HTTPConnection object at 0x00000203E40AE390>: Failed to establish a new connection: [WinError 10061] No connection could be made because the target machine actively refused it')': /session/efa2a07909c64e5b1226563974e81c56/url
2026-06-12 15:05:19,724 [WARNING] Retrying (Retry(total=2, connect=None, read=None, redirect=None, status=None)) after connection broken by 'NewConnectionError('<urllib3.connection.HTTPConnection object at 0x00000203E448FC50>: Failed to establish a new connection: [WinError 10061] No connection could be made because the target machine actively refused it')': /session/7ba19933019995f74d875dcb1cee2ac9/url
2026-06-12 15:05:20,229 [WARNING] Navigation error [https://www.naukri.com/job-listings-intern-legal-emeritus-institute-of-management-mumbai-0-to-2-years-150526501133]: HTTPConnectionPool(host='localhost', port=64375): Max retries exceeded with url: /session/efa2a07909c64e5b1226563974e81c56/url (Caused by NewConnectionError('<urllib3.connection.HTTPConnection object at 0x00000203E3F0A610>: Failed to establish a new connection: [WinError 10061] No connection could be made because the target machine actively refused it'))
2026-06-12 15:05:23,799 [WARNING] Retrying (Retry(total=1, connect=None, read=None, redirect=None, status=None)) after connection broken by 'NewConnectionError('<urllib3.connection.HTTPConnection object at 0x00000203E445D150>: Failed to establish a new connection: [WinError 10061] No connection could be made because the target machine actively refused it')': /session/7ba19933019995f74d875dcb1cee2ac9/url
2026-06-12 15:05:24,304 [WARNING] Retrying (Retry(total=2, connect=None, read=None, redirect=None, status=None)) after connection broken by 'NewConnectionError('<urllib3.connection.HTTPConnection object at 0x00000203E39A02D0>: Failed to establish a new connection: [WinError 10061] No connection could be made because the target machine actively refused it')': /session/efa2a07909c64e5b1226563974e81c56/url
2026-06-12 15:05:27,867 [WARNING] Retrying (Retry(total=0, connect=None, read=None, redirect=None, status=None)) after connection broken by 'NewConnectionError('<urllib3.connection.HTTPConnection object at 0x00000203E436CF50>: Failed to establish a new connection: [WinError 10061] No connection could be made because the target machine actively refused it')': /session/7ba19933019995f74d875dcb1cee2ac9/url
2026-06-12 15:05:28,376 [WARNING] Retrying (Retry(total=1, connect=None, read=None, redirect=None, status=None)) after connection broken by 'NewConnectionError('<urllib3.connection.HTTPConnection object at 0x00000203E4092750>: Failed to establish a new connection: [WinError 10061] No connection could be made because the target machine actively refused it')': /session/efa2a07909c64e5b1226563974e81c56/url
2026-06-12 15:05:31,939 [WARNING] Navigation error [https://www.naukri.com/job-listings-lab-technician-andrology-tumkur-indira-ivf-hospital-tumkur-1-to-5-years-080626020902]: HTTPConnectionPool(host='localhost', port=62472): Max retries exceeded with url: /session/7ba19933019995f74d875dcb1cee2ac9/url (Caused by NewConnectionError('<urllib3.connection.HTTPConnection object at 0x00000203E33BAE50>: Failed to establish a new connection: [WinError 10061] No connection could be made because the target machine actively refused it'))
2026-06-12 15:05:32,437 [WARNING] Retrying (Retry(total=0, connect=None, read=None, redirect=None, status=None)) after connection broken by 'NewConnectionError('<urllib3.connection.HTTPConnection object at 0x00000203E4091D50>: Failed to establish a new connection: [WinError 10061] No connection could be made because the target machine actively refused it')': /session/efa2a07909c64e5b1226563974e81c56/url
2026-06-12 15:05:36,001 [WARNING] Retrying (Retry(total=2, connect=None, read=None, redirect=None, status=None)) after connection broken by 'NewConnectionError('<urllib3.connection.HTTPConnection object at 0x00000203E3B8FD10>: Failed to establish a new connection: [WinError 10061] No connection could be made because the target machine actively refused it')': /session/7ba19933019995f74d875dcb1cee2ac9/url
2026-06-12 15:05:36,517 [WARNING] Navigation error [https://www.naukri.com/job-listings-legal-assistant-vasani-group-navi-mumbai-0-to-4-years-100626505807]: HTTPConnectionPool(host='localhost', port=64375): Max retries exceeded with url: /session/efa2a07909c64e5b1226563974e81c56/url (Caused by NewConnectionError('<urllib3.connection.HTTPConnection object at 0x00000203E3FACB50>: Failed to establish a new connection: [WinError 10061] No connection could be made because the target machine actively refused it'))
2026-06-12 15:05:40,081 [WARNING] Retrying (Retry(total=1, connect=None, read=None, redirect=None, status=None)) after connection broken by 'NewConnectionError('<urllib3.connection.HTTPConnection object at 0x00000203E4091090>: Failed to establish a new connection: [WinError 10061] No connection could be made because the target machine actively refused it')': /session/7ba19933019995f74d875dcb1cee2ac9/url
2026-06-12 15:05:40,590 [WARNING] Retrying (Retry(total=2, connect=None, read=None, redirect=None, status=None)) after connection broken by 'NewConnectionError('<urllib3.connection.HTTPConnection object at 0x00000203E4093ED0>: Failed to establish a new connection: [WinError 10061] No connection could be made because the target machine actively refused it')': /session/efa2a07909c64e5b1226563974e81c56/url
2026-06-12 15:05:44,179 [WARNING] Retrying (Retry(total=0, connect=None, read=None, redirect=None, status=None)) after connection broken by 'NewConnectionError('<urllib3.connection.HTTPConnection object at 0x00000203E3CC55D0>: Failed to establish a new connection: [WinError 10061] No connection could be made because the target machine actively refused it')': /session/7ba19933019995f74d875dcb1cee2ac9/url
2026-06-12 15:05:44,694 [WARNING] Retrying (Retry(total=1, connect=None, read=None, redirect=None, status=None)) after connection broken by 'NewConnectionError('<urllib3.connection.HTTPConnection object at 0x00000203E2298C90>: Failed to establish a new connection: [WinError 10061] No connection could be made because the target machine actively refused it')': /session/efa2a07909c64e5b1226563974e81c56/url
2026-06-12 15:05:48,237 [WARNING] Navigation error [https://www.naukri.com/job-listings-lab-technician-dr-mohans-diabetes-speciality-centre-dmdsc-tambaram-0-to-5-years-010226004971]: HTTPConnectionPool(host='localhost', port=62472): Max retries exceeded with url: /session/7ba19933019995f74d875dcb1cee2ac9/url (Caused by NewConnectionError('<urllib3.connection.HTTPConnection object at 0x00000203E2298510>: Failed to establish a new connection: [WinError 10061] No connection could be made because the target machine actively refused it'))
2026-06-12 15:05:48,760 [WARNING] Retrying (Retry(total=0, connect=None, read=None, redirect=None, status=None)) after connection broken by 'NewConnectionError('<urllib3.connection.HTTPConnection object at 0x00000203E2298F10>: Failed to establish a new connection: [WinError 10061] No connection could be made because the target machine actively refused it')': /session/efa2a07909c64e5b1226563974e81c56/url
2026-06-12 15:05:52,327 [WARNING] Retrying (Retry(total=2, connect=None, read=None, redirect=None, status=None)) after connection broken by 'NewConnectionError('<urllib3.connection.HTTPConnection object at 0x00000203E2298A50>: Failed to establish a new connection: [WinError 10061] No connection could be made because the target machine actively refused it')': /session/7ba19933019995f74d875dcb1cee2ac9/url
2026-06-12 15:05:52,860 [WARNING] Navigation error [https://www.naukri.com/job-listings-junior-associate-family-law-acme-services-mumbai-0-to-4-years-210223503572]: HTTPConnectionPool(host='localhost', port=64375): Max retries exceeded with url: /session/efa2a07909c64e5b1226563974e81c56/url (Caused by NewConnectionError('<urllib3.connection.HTTPConnection object at 0x00000203E229B4D0>: Failed to establish a new connection: [WinError 10061] No connection could be made because the target machine actively refused it'))
2026-06-12 15:05:56,383 [WARNING] Retrying (Retry(total=1, connect=None, read=None, redirect=None, status=None)) after connection broken by 'NewConnectionError('<urllib3.connection.HTTPConnection object at 0x00000203E384B510>: Failed to establish a new connection: [WinError 10061] No connection could be made because the target machine actively refused it')': /session/7ba19933019995f74d875dcb1cee2ac9/url
2026-06-12 15:05:56,937 [WARNING] Retrying (Retry(total=2, connect=None, read=None, redirect=None, status=None)) after connection broken by 'NewConnectionError('<urllib3.connection.HTTPConnection object at 0x00000203E22983D0>: Failed to establish a new connection: [WinError 10061] No connection could be made because the target machine actively refused it')': /session/efa2a07909c64e5b1226563974e81c56/url
2026-06-12 15:06:00,447 [WARNING] Retrying (Retry(total=0, connect=None, read=None, redirect=None, status=None)) after connection broken by 'NewConnectionError('<urllib3.connection.HTTPConnection object at 0x00000203E4447290>: Failed to establish a new connection: [WinError 10061] No connection could be made because the target machine actively refused it')': /session/7ba19933019995f74d875dcb1cee2ac9/url
2026-06-12 15:06:01,014 [WARNING] Retrying (Retry(total=1, connect=None, read=None, redirect=None, status=None)) after connection broken by 'NewConnectionError('<urllib3.connection.HTTPConnection object at 0x00000203E229B010>: Failed to establish a new connection: [WinError 10061] No connection could be made because the target machine actively refused it')': /session/efa2a07909c64e5b1226563974e81c56/url
2026-06-12 15:06:04,538 [WARNING] Navigation error [https://www.naukri.com/job-listings-lab-technician-vr-scans-and-labs-chennai-1-to-6-years-120626006841]: HTTPConnectionPool(host='localhost', port=62472): Max retries exceeded with url: /session/7ba19933019995f74d875dcb1cee2ac9/url (Caused by NewConnectionError('<urllib3.connection.HTTPConnection object at 0x00000203E4093150>: Failed to establish a new connection: [WinError 10061] No connection could be made because the target machine actively refused it'))
2026-06-12 15:06:05,075 [WARNING] Retrying (Retry(total=0, connect=None, read=None, redirect=None, status=None)) after connection broken by 'NewConnectionError('<urllib3.connection.HTTPConnection object at 0x00000203E4090D50>: Failed to establish a new connection: [WinError 10061] No connection could be made because the target machine actively refused it')': /session/efa2a07909c64e5b1226563974e81c56/url
2026-06-12 15:06:08,614 [WARNING] Retrying (Retry(total=2, connect=None, read=None, redirect=None, status=None)) after connection broken by 'NewConnectionError('<urllib3.connection.HTTPConnection object at 0x00000203E229B1D0>: Failed to establish a new connection: [WinError 10061] No connection could be made because the target machine actively refused it')': /session/7ba19933019995f74d875dcb1cee2ac9/url
2026-06-12 15:06:09,120 [WARNING] Navigation error [https://www.naukri.com/job-listings-law-officer-s-the-gayatri-co-operative-urban-bank-jagtial-3-to-8-years-131124504647]: HTTPConnectionPool(host='localhost', port=64375): Max retries exceeded with url: /session/efa2a07909c64e5b1226563974e81c56/url (Caused by NewConnectionError('<urllib3.connection.HTTPConnection object at 0x00000203E350F2D0>: Failed to establish a new connection: [WinError 10061] No connection could be made because the target machine actively refused it'))
